


ARM Macro Assembler    Page 1 


    1 00000000         ;/*
    2 00000000         ; * section
    3 00000000         ; */
    4 00000000                 AREA             CPU_LOCK, CODE
    5 00000000         
    6 00000000         ;/*
    7 00000000         ; * rt_base_t am_int_cpu_lock();
    8 00000000         ; */
    9 00000000         am_int_cpu_lock
                               PROC
   10 00000000                 EXPORT           am_int_cpu_lock
   11 00000000 F3EF 8010       MRS              r0, PRIMASK
   12 00000004 B672            CPSID            I
   13 00000006 4770            BX               LR
   14 00000008                 ENDP
   15 00000008         
   16 00000008         ;/*
   17 00000008         ; * void am_int_cpu_unlock(rt_base_t level);
   18 00000008         ; */
   19 00000008         am_int_cpu_unlock
                               PROC
   20 00000008                 EXPORT           am_int_cpu_unlock
   21 00000008 F380 8810       MSR              PRIMASK, r0
   22 0000000C 4770            BX               LR
   23 0000000E                 ENDP
   24 0000000E         
   25 0000000E         ;/*
   26 0000000E         ; * end of file
   27 0000000E         ; */
   28 0000000E                 END
Command Line: --debug --xref --diag_suppress=9931 --cpu=Cortex-M0+ --apcs=inter
work --depend=.\debug\am_arm_nvic_armcc.d -o.\debug\am_arm_nvic_armcc.o -I.\RTE
\_debug -IC:\Keil_v5\ARM\PACK\NXP\LPC845_DFP\11.0.0 -IC:\Keil_v5\ARM\CMSIS\Incl
ude --predefine="__EVAL SETA 1" --predefine="__MICROLIB SETA 1" --predefine="__
UVISION_VERSION SETA 527" --predefine="CPU_LPC845M301JBD64 SETA 1" --list=.\am_
arm_nvic_armcc.lst ..\..\..\..\arch\arm\source\am_arm_nvic_armcc.s



ARM Macro Assembler    Page 1 Alphabetic symbol ordering
Relocatable symbols

CPU_LOCK 00000000

Symbol: CPU_LOCK
   Definitions
      At line 4 in file ..\..\..\..\arch\arm\source\am_arm_nvic_armcc.s
   Uses
      None
Comment: CPU_LOCK unused
am_int_cpu_lock 00000000

Symbol: am_int_cpu_lock
   Definitions
      At line 9 in file ..\..\..\..\arch\arm\source\am_arm_nvic_armcc.s
   Uses
      At line 10 in file ..\..\..\..\arch\arm\source\am_arm_nvic_armcc.s
Comment: am_int_cpu_lock used once
am_int_cpu_unlock 00000008

Symbol: am_int_cpu_unlock
   Definitions
      At line 19 in file ..\..\..\..\arch\arm\source\am_arm_nvic_armcc.s
   Uses
      At line 20 in file ..\..\..\..\arch\arm\source\am_arm_nvic_armcc.s
Comment: am_int_cpu_unlock used once
3 symbols
337 symbols in table
