Component: ARM Compiler 5.06 update 6 (build 750) Tool: armlink [4d35ed]

==============================================================================

Section Cross References

    am_assert.o(i.am_assert_msg) refers to am_kprintf.o(i.am_kprintf) for am_kprintf
    am_bsp_microlib.o(i.am_bsp_microlib_init) refers to am_microlib_adapter.o(i.am_microlib_adapter_init) for am_microlib_adapter_init
    am_bsp_microlib.o(i.am_bsp_microlib_init) refers to am_bsp_microlib.o(.data) for g_microlib_adapter_ops
    am_bsp_microlib.o(.data) refers to am_bsp_microlib.o(i.__dbg_fputc) for __dbg_fputc
    am_bsp_microlib.o(.data) refers to am_bsp_microlib.o(i.__dbg_fgetc) for __dbg_fgetc
    am_bsp_system_heap.o(i.am_bsp_system_heap_init) refers to am_memheap.o(i.am_memheap_init) for am_memheap_init
    am_bsp_system_heap.o(i.am_bsp_system_heap_init) refers to am_bsp_system_heap.o(.bss) for __g_system_heap
    am_bsp_system_heap.o(i.am_mem_align) refers to am_memheap.o(i.am_memheap_alloc) for am_memheap_alloc
    am_bsp_system_heap.o(i.am_mem_align) refers to am_bsp_system_heap.o(.bss) for __g_system_heap
    am_bsp_system_heap.o(i.am_mem_alloc) refers to am_bsp_system_heap.o(i.am_mem_align) for am_mem_align
    am_bsp_system_heap.o(i.am_mem_calloc) refers to am_bsp_system_heap.o(i.am_mem_alloc) for am_mem_alloc
    am_bsp_system_heap.o(i.am_mem_calloc) refers to memseta.o(.text) for __aeabi_memclr
    am_bsp_system_heap.o(i.am_mem_free) refers to am_memheap.o(i.am_memheap_free) for am_memheap_free
    am_bsp_system_heap.o(i.am_mem_realloc) refers to am_bsp_system_heap.o(i.am_mem_alloc) for am_mem_alloc
    am_bsp_system_heap.o(i.am_mem_realloc) refers to am_memheap.o(i.am_memheap_realloc) for am_memheap_realloc
    am_bsp_system_heap.o(i.am_mem_realloc) refers to am_bsp_system_heap.o(.bss) for __g_system_heap
    am_bsp_system_heap.o(i.am_mem_size) refers to am_memheap.o(i.am_memheap_memsize) for am_memheap_memsize
    am_bsp_system_heap.o(i.am_mem_size) refers to am_bsp_system_heap.o(.bss) for __g_system_heap
    am_bsp_isr_defer_pendsv.o(i.PendSV_Handler) refers to am_isr_defer.o(i.am_isr_defer_job_process) for am_isr_defer_job_process
    am_bsp_isr_defer_pendsv.o(i.am_bsp_isr_defer_pendsv_init) refers to am_isr_defer.o(i.am_isr_defer_init) for am_isr_defer_init
    am_bsp_isr_defer_pendsv.o(i.am_bsp_isr_defer_pendsv_init) refers to am_bsp_isr_defer_pendsv.o(i.__isr_defer_trigger) for __isr_defer_trigger
    am_bsp_delay_timer.o(i.__delay) refers to am_bsp_delay_timer.o(i.__timer_count_get) for __timer_count_get
    am_bsp_delay_timer.o(i.__delay) refers to am_bsp_delay_timer.o(.bss) for __g_delay_timer
    am_bsp_delay_timer.o(i.__delay_by_factor_ticks_cal) refers to am_bsp_delay_timer.o(i.__timer_count_get) for __timer_count_get
    am_bsp_delay_timer.o(i.__delay_by_factor_ticks_cal) refers to am_bsp_delay_timer.o(i.__delay_by_factor) for __delay_by_factor
    am_bsp_delay_timer.o(i.__delay_by_factor_ticks_cal) refers to am_bsp_delay_timer.o(i.__time_ticks_cal) for __time_ticks_cal
    am_bsp_delay_timer.o(i.__delay_by_fator_cal) refers to am_bsp_delay_timer.o(i.__delay_by_factor_ticks_cal) for __delay_by_factor_ticks_cal
    am_bsp_delay_timer.o(i.__delay_by_fator_cal) refers to uidiv.o(.text) for __aeabi_uidivmod
    am_bsp_delay_timer.o(i.__delay_by_fator_cal) refers to am_bsp_delay_timer.o(i.__timer_count_get) for __timer_count_get
    am_bsp_delay_timer.o(i.__delay_by_fator_cal) refers to am_bsp_delay_timer.o(i.am_udelay) for am_udelay
    am_bsp_delay_timer.o(i.__delay_by_fator_cal) refers to am_bsp_delay_timer.o(i.__time_ticks_cal) for __time_ticks_cal
    am_bsp_delay_timer.o(i.__delay_by_fator_cal) refers to am_bsp_delay_timer.o(.bss) for __g_delay_timer
    am_bsp_delay_timer.o(i.__delay_cali_ticks_cal) refers to am_bsp_delay_timer.o(i.__timer_count_get) for __timer_count_get
    am_bsp_delay_timer.o(i.__delay_cali_ticks_cal) refers to am_bsp_delay_timer.o(i.am_udelay) for am_udelay
    am_bsp_delay_timer.o(i.__delay_cali_ticks_cal) refers to am_bsp_delay_timer.o(i.__time_ticks_cal) for __time_ticks_cal
    am_bsp_delay_timer.o(i.__delay_cali_ticks_cal) refers to am_bsp_delay_timer.o(.bss) for __g_delay_timer
    am_bsp_delay_timer.o(i.__delay_count_get_ticks_cal) refers to am_bsp_delay_timer.o(i.__timer_count_get) for __timer_count_get
    am_bsp_delay_timer.o(i.__delay_count_get_ticks_cal) refers to am_bsp_delay_timer.o(i.__time_ticks_cal) for __time_ticks_cal
    am_bsp_delay_timer.o(i.__delay_count_get_ticks_cal) refers to am_bsp_delay_timer.o(.bss) for __g_delay_timer
    am_bsp_delay_timer.o(i.__time_ticks_cal) refers to am_bsp_delay_timer.o(.bss) for __g_delay_timer
    am_bsp_delay_timer.o(i.__timer_count_get) refers to am_bsp_delay_timer.o(.bss) for __g_delay_timer
    am_bsp_delay_timer.o(i.am_bsp_delay_timer_init) refers to am_timer.o(i.am_timer_count_freq_get) for am_timer_count_freq_get
[...]
    i.amhw_lpc_sct_ctrl_set                  0x00007d14   Section        0  am_lpc_sct_pwm.o(i.amhw_lpc_sct_ctrl_set)
    amhw_lpc_sct_ctrl_set                    0x00007d15   Thumb Code     8  am_lpc_sct_pwm.o(i.amhw_lpc_sct_ctrl_set)
    i.amhw_lpc_sct_event_ctrl                0x00007d1c   Section        0  am_lpc_sct_pwm.o(i.amhw_lpc_sct_event_ctrl)
    amhw_lpc_sct_event_ctrl                  0x00007d1d   Thumb Code    16  am_lpc_sct_pwm.o(i.amhw_lpc_sct_event_ctrl)
    i.amhw_lpc_sct_event_state_enable        0x00007d2c   Section        0  am_lpc_sct_pwm.o(i.amhw_lpc_sct_event_state_enable)
    amhw_lpc_sct_event_state_enable          0x00007d2d   Thumb Code    30  am_lpc_sct_pwm.o(i.amhw_lpc_sct_event_state_enable)
    i.amhw_lpc_sct_halt_check                0x00007d4a   Section        0  am_lpc_sct_pwm.o(i.amhw_lpc_sct_halt_check)
    amhw_lpc_sct_halt_check                  0x00007d4b   Thumb Code    26  am_lpc_sct_pwm.o(i.amhw_lpc_sct_halt_check)
    i.amhw_lpc_sct_mat_reload_val_set        0x00007d64   Section        0  amhw_lpc_sct.o(i.amhw_lpc_sct_mat_reload_val_set)
    i.amhw_lpc_sct_mat_val_set               0x00007d98   Section        0  amhw_lpc_sct.o(i.amhw_lpc_sct_mat_val_set)
    i.amhw_lpc_sct_output_dir_ctrl           0x00007dec   Section        0  amhw_lpc_sct.o(i.amhw_lpc_sct_output_dir_ctrl)
    i.amhw_lpc_sct_prescale_set              0x00007e08   Section        0  amhw_lpc_sct.o(i.amhw_lpc_sct_prescale_set)
    i.amhw_lpc_sct_regmode_config            0x00007e60   Section        0  amhw_lpc_sct.o(i.amhw_lpc_sct_regmode_config)
    i.amhw_lpc_usart_baudrate_set            0x00007eb2   Section        0  amhw_lpc_usart.o(i.amhw_lpc_usart_baudrate_set)
    i.amhw_lpc_usart_cfg_clr                 0x00007f58   Section        0  am_lpc_usart.o(i.amhw_lpc_usart_cfg_clr)
    amhw_lpc_usart_cfg_clr                   0x00007f59   Thumb Code     8  am_lpc_usart.o(i.amhw_lpc_usart_cfg_clr)
    i.amhw_lpc_usart_cfg_set                 0x00007f60   Section        0  am_lpc_usart.o(i.amhw_lpc_usart_cfg_set)
    amhw_lpc_usart_cfg_set                   0x00007f61   Thumb Code     8  am_lpc_usart.o(i.amhw_lpc_usart_cfg_set)
    i.amhw_lpc_usart_disable                 0x00007f68   Section        0  am_lpc_usart.o(i.amhw_lpc_usart_disable)
    amhw_lpc_usart_disable                   0x00007f69   Thumb Code    10  am_lpc_usart.o(i.amhw_lpc_usart_disable)
    i.amhw_lpc_usart_enable                  0x00007f72   Section        0  am_lpc_usart.o(i.amhw_lpc_usart_enable)
    amhw_lpc_usart_enable                    0x00007f73   Thumb Code    10  am_lpc_usart.o(i.amhw_lpc_usart_enable)
    i.amhw_lpc_usart_int_disable             0x00007f7c   Section        0  am_lpc_usart.o(i.amhw_lpc_usart_int_disable)
    amhw_lpc_usart_int_disable               0x00007f7d   Thumb Code     4  am_lpc_usart.o(i.amhw_lpc_usart_int_disable)
    i.amhw_lpc_usart_int_enable              0x00007f80   Section        0  am_lpc_usart.o(i.amhw_lpc_usart_int_enable)
    amhw_lpc_usart_int_enable                0x00007f81   Thumb Code     8  am_lpc_usart.o(i.amhw_lpc_usart_int_enable)
    i.amhw_lpc_usart_stat_get                0x00007f88   Section        0  am_lpc_usart.o(i.amhw_lpc_usart_stat_get)
    amhw_lpc_usart_stat_get                  0x00007f89   Thumb Code     6  am_lpc_usart.o(i.amhw_lpc_usart_stat_get)
    i.amhw_lpc_usart_txdata_write            0x00007f8e   Section        0  am_lpc_usart.o(i.amhw_lpc_usart_txdata_write)
    amhw_lpc_usart_txdata_write              0x00007f8f   Thumb Code     4  am_lpc_usart.o(i.amhw_lpc_usart_txdata_write)
    i.demo_am845_core_application_entry      0x00007f94   Section        0  demo_am845_core_armcc_application.o(i.demo_am845_core_application_entry)
    i.main                                   0x00008034   Section        0  am_prj_config.o(i.main)
    .constdata                               0x00008058   Section       44  am_arm_systick.o(.constdata)
    __g_systick_info                         0x00008058   Data           8  am_arm_systick.o(.constdata)
    __g_systick_drv_funcs                    0x00008060   Data          36  am_arm_systick.o(.constdata)
    .constdata                               0x00008084   Section        4  am_buzzer_pwm.o(.constdata)
    __g_buzzer_pwm_drv_funcs                 0x00008084   Data           4  am_buzzer_pwm.o(.constdata)
    .constdata                               0x00008088   Section        8  am_led_gpio.o(.constdata)
    __g_led_gpio_drv_funcs                   0x00008088   Data           8  am_led_gpio.o(.constdata)
    .constdata                               0x00008090   Section      256  am_jobq.o(.constdata)
    __ffs8_table                             0x00008090   Data         256  am_jobq.o(.constdata)
    .constdata                               0x00008190   Section       44  am_lpc_mrt.o(.constdata)
    __g_mrt_timing_info                      0x00008190   Data           8  am_lpc_mrt.o(.constdata)
    __g_mrt_drv_funcs                        0x00008198   Data          36  am_lpc_mrt.o(.constdata)
    .constdata                               0x000081bc   Section       12  am_lpc_sct_pwm.o(.constdata)
    __g_sct_pwm_drv_funcs                    0x000081bc   Data          12  am_lpc_sct_pwm.o(.constdata)
    .constdata                               0x000081c8   Section       20  am_lpc_usart.o(.constdata)
    __g_uart_drv_funcs                       0x000081c8   Data          20  am_lpc_usart.o(.constdata)
    .constdata                               0x000081dc   Section       54  amhw_lpc84x_iocon.o(.constdata)
    .constdata                               0x00008212   Section       29  amhw_lpc84x_swm.o(.constdata)
    amhw_lpc84x_swm_fixedfunc_offset_pin     0x00008212   Data          29  amhw_lpc84x_swm.o(.constdata)
    .constdata                               0x00008230   Section       40  am_hwconf_arm_nvic.o(.constdata)
    __g_arm_nvic_devinfo                     0x00008230   Data          40  am_hwconf_arm_nvic.o(.constdata)
    .constdata                               0x00008258   Section       20  am_hwconf_arm_systick.o(.constdata)
    __g_arm_systick_devinfo                  0x00008258   Data          20  am_hwconf_arm_systick.o(.constdata)
    .constdata                               0x0000826c   Section       24  am_hwconf_led_gpio.o(.constdata)
    __g_led_pins                             0x0000826c   Data           8  am_hwconf_led_gpio.o(.constdata)
    __g_led_gpio_devinfo                     0x00008274   Data          16  am_hwconf_led_gpio.o(.constdata)
    .constdata                               0x00008284   Section       32  am_hwconf_lpc84x_dma.o(.constdata)
    __g_lpc84x_dma_devinfo                   0x00008284   Data          32  am_hwconf_lpc84x_dma.o(.constdata)
    .constdata                               0x000082a4   Section       44  am_hwconf_lpc84x_gpio.o(.constdata)
    __g_lpc84x_gpio_devinfo                  0x000082a4   Data          44  am_hwconf_lpc84x_gpio.o(.constdata)
    .constdata                               0x000082d0   Section       24  am_hwconf_lpc84x_mrt.o(.constdata)
    __g_lpc84x_mrt_devinfo                   0x000082d0   Data          24  am_hwconf_lpc84x_mrt.o(.constdata)
    .constdata                               0x000082e8   Section       24  am_hwconf_lpc84x_sct0_pwm.o(.constdata)
    __g_lpc84x_pwm_devinfo                   0x000082e8   Data          24  am_hwconf_lpc84x_sct0_pwm.o(.constdata)
    .constdata                               0x00008300   Section       24  am_hwconf_lpc84x_usart0.o(.constdata)
    __g_lpc84x_usart0_devinfo                0x00008300   Data          24  am_hwconf_lpc84x_usart0.o(.constdata)
    .constdata                               0x00008318   Section       16  am_servconf_event_input.o(.constdata)
    __g_event_input_key_info                 0x00008318   Data          16  am_servconf_event_input.o(.constdata)
    .constdata                               0x00008328   Section       40  am_servconf_nvram.o(.constdata)
    __g_nvram_cfg_segs                       0x00008328   Data          40  am_servconf_nvram.o(.constdata)
    .conststring                             0x00008350   Section      489  demo_am845_core_armcc_application.o(.conststring)
    .conststring                             0x0000853c   Section       17  am_servconf_nvram.o(.conststring)
    .data                                    0x10000000   Section        8  am_bsp_microlib.o(.data)
    g_microlib_adapter_ops                   0x10000000   Data           8  am_bsp_microlib.o(.data)
    .data                                    0x10000008   Section      292  am_bsp_isr_defer_pendsv.o(.data)
    __isr_defer_jobq_info                    0x10000008   Data         288  am_bsp_isr_defer_pendsv.o(.data)
    .data                                    0x1000012c   Section        4  am_arm_nvic.o(.data)
    __gp_nvic_dev                            0x1000012c   Data           4  am_arm_nvic.o(.data)
    .data                                    0x10000130   Section        4  am_arm_systick.o(.data)
    __gp_systick_dev                         0x10000130   Data           4  am_arm_systick.o(.data)
    .data                                    0x10000134   Section       20  am_microlib_adapter.o(.data)
    __g_adapter                              0x10000134   Data           8  am_microlib_adapter.o(.data)
    .data                                    0x10000148   Section        4  am_buzzer_dev.o(.data)
    __gp_buzzer_dev                          0x10000148   Data           4  am_buzzer_dev.o(.data)
    .data                                    0x1000014c   Section        8  am_event_category_input.o(.data)
    __g_category_input                       0x1000014c   Data           8  am_event_category_input.o(.data)
    .data                                    0x10000154   Section        4  am_event_input_key.o(.data)
    __gp_event_input_key_info                0x10000154   Data           4  am_event_input_key.o(.data)
    .data                                    0x10000158   Section        4  am_led_dev.o(.data)
    __gp_head                                0x10000158   Data           4  am_led_dev.o(.data)
    .data                                    0x1000015c   Section        8  am_nvram.o(.data)
    __gp_nvram_dev_list                      0x1000015c   Data           4  am_nvram.o(.data)
    __gp_seg_list                            0x10000160   Data           4  am_nvram.o(.data)
    .data                                    0x10000164   Section        8  am_system.o(.data)
    __g_systick                              0x10000164   Data           4  am_system.o(.data)
    __g_clkrate                              0x10000168   Data           4  am_system.o(.data)
    .data                                    0x1000016c   Section       12  am_isr_defer.o(.data)
    __g_isr_defer_handle                     0x1000016c   Data           4  am_isr_defer.o(.data)
    __gpfn_trigger_cb                        0x10000170   Data           4  am_isr_defer.o(.data)
    __gp_cb_arg                              0x10000174   Data           4  am_isr_defer.o(.data)
    .data                                    0x10000178   Section       12  am_koutput.o(.data)
    .data                                    0x10000184   Section       12  am_softimer.o(.data)
    __g_hwtimer_freq                         0x10000184   Data           4  am_softimer.o(.data)
    g_softimer_head                          0x10000188   Data           8  am_softimer.o(.data)
    .data                                    0x10000190   Section        4  am_vdebug.o(.data)
    .data                                    0x10000194   Section        4  am_lpc84x_dma.o(.data)
    .data                                    0x10000198   Section        4  am_lpc84x_gpio.o(.data)
    .data                                    0x1000019c   Section        4  am_lpc845_boot.o(.data)
    __gp_boot_dev                            0x1000019c   Data           4  am_lpc845_boot.o(.data)
    .data                                    0x100001a0   Section       16  am_lpc845_boot_firmware_flash.o(.data)
    __g_firmware_flash_drv_funcs             0x100001a0   Data          16  am_lpc845_boot_firmware_flash.o(.data)
    .data                                    0x100001b0   Section       16  am_lpc845_boot_flash.o(.data)
    __g_flash_drv_funcs                      0x100001b0   Data          16  am_lpc845_boot_flash.o(.data)
    .data                                    0x100001c0   Section       36  demo_am845_core_armcc_application.o(.data)
    user_command                             0x100001c0   Data           5  demo_am845_core_armcc_application.o(.data)
    command_rec                              0x100001c5   Data           6  demo_am845_core_armcc_application.o(.data)
    int_state                                0x100001cb   Data           1  demo_am845_core_armcc_application.o(.data)
    index_t                                  0x100001cc   Data           1  demo_am845_core_armcc_application.o(.data)
    command_error                            0x100001cd   Data           1  demo_am845_core_armcc_application.o(.data)
    firmware_timeout                         0x100001ce   Data           1  demo_am845_core_armcc_application.o(.data)
    firmware_handle                          0x100001d0   Data           4  demo_am845_core_armcc_application.o(.data)
    flash_handle                             0x100001d4   Data           4  demo_am845_core_armcc_application.o(.data)
    write_offset                             0x100001d8   Data           4  demo_am845_core_armcc_application.o(.data)
    read_offset                              0x100001dc   Data           4  demo_am845_core_armcc_application.o(.data)
    .data                                    0x100001e4   Section        8  am_hwconf_arm_nvic.o(.data)
    __g_arm_nvic_dev                         0x100001e4   Data           8  am_hwconf_arm_nvic.o(.data)
    .data                                    0x100001ec   Section       20  am_hwconf_lpc84x_clk.o(.data)
    __g_lpc84x_clk_devinfo                   0x100001ec   Data          20  am_hwconf_lpc84x_clk.o(.data)
    .data                                    0x10000200   Section        4  am_hwconf_lpc84x_dma.o(.data)
    __g_lpc84x_dma_dev                       0x10000200   Data           4  am_hwconf_lpc84x_dma.o(.data)
    .data                                    0x10000204   Section        8  am_hwconf_lpc84x_gpio.o(.data)
    __g_gpio_infomap                         0x10000204   Data           8  am_hwconf_lpc84x_gpio.o(.data)
    .data                                    0x1000020c   Section       72  am_hwconf_lpc84x_sct0_pwm.o(.data)
    __g_sct0_pwm_ioinfo_list                 0x1000020c   Data          72  am_hwconf_lpc84x_sct0_pwm.o(.data)
    .data                                    0x10000254   Section        8  am_board.o(.data)
    .data                                    0x1000025c   Section       88  am_double_app_conf_lpc845.o(.data)
    __g_flash_devinfo                        0x1000025c   Data          28  am_double_app_conf_lpc845.o(.data)
    __g_firmware_flash_devinfo               0x10000278   Data          16  am_double_app_conf_lpc845.o(.data)
    __g_lpc845_boot_devinfo                  0x10000288   Data          36  am_double_app_conf_lpc845.o(.data)
    __g_lpc845_boot_dev                      0x100002ac   Data           8  am_double_app_conf_lpc845.o(.data)
    .bss                                     0x100002b4   Section       52  am_bsp_system_heap.o(.bss)
    __g_system_heap                          0x100002b4   Data          52  am_bsp_system_heap.o(.bss)
    .bss                                     0x100002e8   Section       40  am_bsp_delay_timer.o(.bss)
    __g_delay_timer                          0x100002e8   Data          40  am_bsp_delay_timer.o(.bss)
    .bss                                     0x10000310   Section       40  am_buzzer_pwm.o(.bss)
    __g_buzzer_pwm_dev                       0x10000310   Data          40  am_buzzer_pwm.o(.bss)
    .bss                                     0x10000338   Section       16  am_event_category_input.o(.bss)
    __g_handler_cat_input                    0x10000338   Data          16  am_event_category_input.o(.bss)
    .bss                                     0x10000348   Section       12  am_event_input_key.o(.bss)
    __g_event_input_key                      0x10000348   Data          12  am_event_input_key.o(.bss)
    .bss                                     0x10000354   Section     4144  demo_am845_core_armcc_application.o(.bss)
    uart_callback_buffer                     0x10000354   Data        4096  demo_am845_core_armcc_application.o(.bss)
    led_timer                                0x10001354   Data          24  demo_am845_core_armcc_application.o(.bss)
    receive_callback_timer                   0x1000136c   Data          24  demo_am845_core_armcc_application.o(.bss)
    .bss                                     0x10001384   Section      288  am_hwconf_arm_nvic.o(.bss)
    __nvic_isr_map                           0x10001384   Data          32  am_hwconf_arm_nvic.o(.bss)
    __nvic_isr_infor                         0x100013a4   Data         256  am_hwconf_arm_nvic.o(.bss)
    .bss                                     0x100014a4   Section       20  am_hwconf_arm_systick.o(.bss)
    __g_arm_systick_dev                      0x100014a4   Data          20  am_hwconf_arm_systick.o(.bss)
    .bss                                     0x100014b8   Section       20  am_hwconf_led_gpio.o(.bss)
    __g_led_gpio_dev                         0x100014b8   Data          20  am_hwconf_led_gpio.o(.bss)
    .bss                                     0x100014cc   Section       12  am_hwconf_lpc84x_clk.o(.bss)
    __g_lpc84x_clk_dev                       0x100014cc   Data          12  am_hwconf_lpc84x_clk.o(.bss)
    .bss                                     0x10001600   Section      912  am_hwconf_lpc84x_dma.o(.bss)
    __g_dam_controller_map                   0x10001600   Data          25  am_hwconf_lpc84x_dma.o(.bss)
    __g_dma_controller                       0x1000161c   Data         300  am_hwconf_lpc84x_dma.o(.bss)
    __g_dma_xfer_tab                         0x10001800   Data         400  am_hwconf_lpc84x_dma.o(.bss)
    .bss                                     0x10001990   Section      124  am_hwconf_lpc84x_gpio.o(.bss)
    __g_gpio_triginfos                       0x10001990   Data          64  am_hwconf_lpc84x_gpio.o(.bss)
    __g_lpc84x_gpio_dev                      0x100019d0   Data          60  am_hwconf_lpc84x_gpio.o(.bss)
    .bss                                     0x10001a0c   Section       44  am_hwconf_lpc84x_mrt.o(.bss)
    __g_lpc84x_mrt_dev                       0x10001a0c   Data          44  am_hwconf_lpc84x_mrt.o(.bss)
    .bss                                     0x10001a38   Section       12  am_hwconf_lpc84x_sct0_pwm.o(.bss)
    __g_lpc84x_pwm_dev                       0x10001a38   Data          12  am_hwconf_lpc84x_sct0_pwm.o(.bss)
    .bss                                     0x10001a44   Section       52  am_hwconf_lpc84x_usart0.o(.bss)
    __g_lpc84x_usart0_dev                    0x10001a44   Data          52  am_hwconf_lpc84x_usart0.o(.bss)
    .bss                                     0x10001a78   Section       64  am_servconf_event_input.o(.bss)
    __g_key_long_press_buf                   0x10001a78   Data          64  am_servconf_event_input.o(.bss)
    .bss                                     0x10001ab8   Section     1096  am_double_app_conf_lpc845.o(.bss)
    __g_flash_dev                            0x10001ab8   Data          28  am_double_app_conf_lpc845.o(.bss)
    __g_firmware_flash_dev                   0x10001ad4   Data        1068  am_double_app_conf_lpc845.o(.bss)
    STACK                                    0x10001f00   Section     1024  am_lpc84x_armcc_startup.o(STACK)

    Global Symbols

    Symbol Name                              Value     Ov Type        Size  Object(Section)

    BuildAttributes$$THM_ISAv3M$S$PE$A:L22$X:L11$S22$IEEE1$IW$USESV6$~STKCKD$USESV7$~SHL$OTIME$ROPI$EBA8$MICROLIB$REQ8$PRES8$EABIv2 0x00000000   Number         0  anon$$obj.o ABSOLUTE
    __ARM_use_no_argv                        0x00000000   Number         0  am_prj_config.o ABSOLUTE
    __use_no_errno                           0x00000000   Number         0  useno.o ABSOLUTE
    __use_no_exception_handling              0x00000000   Number         0  useno.o ABSOLUTE
    __use_no_fp                              0x00000000   Number         0  useno.o ABSOLUTE
    __use_no_heap                            0x00000000   Number         0  useno.o ABSOLUTE
    __use_no_heap_region                     0x00000000   Number         0  useno.o ABSOLUTE
    __use_no_semihosting                     0x00000000   Number         0  useno.o ABSOLUTE
    __use_no_semihosting_swi                 0x00000000   Number         0  useno.o ABSOLUTE
    __use_no_signal_handling                 0x00000000   Number         0  useno.o ABSOLUTE
    _printf_a                                0x00000000   Number         0  stubs.o ABSOLUTE
    _printf_c                                0x00000000   Number         0  stubs.o ABSOLUTE
    _printf_charcount                        0x00000000   Number         0  stubs.o ABSOLUTE
    _printf_d                                0x00000000   Number         0  stubs.o ABSOLUTE
    _printf_e                                0x00000000   Number         0  stubs.o ABSOLUTE
    _printf_f                                0x00000000   Number         0  stubs.o ABSOLUTE
    _printf_flags                            0x00000000   Number         0  stubs.o ABSOLUTE
    _printf_fp_dec                           0x00000000   Number         0  stubs.o ABSOLUTE
    _printf_fp_hex                           0x00000000   Number         0  stubs.o ABSOLUTE
    _printf_g                                0x00000000   Number         0  stubs.o ABSOLUTE
    _printf_i                                0x00000000   Number         0  stubs.o ABSOLUTE
    _printf_int_dec                          0x00000000   Number         0  stubs.o ABSOLUTE
    _printf_l                                0x00000000   Number         0  stubs.o ABSOLUTE
    _printf_lc                               0x00000000   Number         0  stubs.o ABSOLUTE
    _printf_ll                               0x00000000   Number         0  stubs.o ABSOLUTE
    _printf_lld                              0x00000000   Number         0  stubs.o ABSOLUTE
    _printf_lli                              0x00000000   Number         0  stubs.o ABSOLUTE
    _printf_llo                              0x00000000   Number         0  stubs.o ABSOLUTE
    _printf_llu                              0x00000000   Number         0  stubs.o ABSOLUTE
    _printf_llx                              0x00000000   Number         0  stubs.o ABSOLUTE
    _printf_longlong_dec                     0x00000000   Number         0  stubs.o ABSOLUTE
    _printf_longlong_hex                     0x00000000   Number         0  stubs.o ABSOLUTE
    _printf_longlong_oct                     0x00000000   Number         0  stubs.o ABSOLUTE
    _printf_ls                               0x00000000   Number         0  stubs.o ABSOLUTE
    _printf_mbtowc                           0x00000000   Number         0  stubs.o ABSOLUTE
    _printf_n                                0x00000000   Number         0  stubs.o ABSOLUTE
    _printf_o                                0x00000000   Number         0  stubs.o ABSOLUTE
    _printf_p                                0x00000000   Number         0  stubs.o ABSOLUTE
    _printf_percent                          0x00000000   Number         0  stubs.o ABSOLUTE
    _printf_pre_padding                      0x00000000   Number         0  stubs.o ABSOLUTE
    _printf_return_value                     0x00000000   Number         0  stubs.o ABSOLUTE
    _printf_s                                0x00000000   Number         0  stubs.o ABSOLUTE
    _printf_sizespec                         0x00000000   Number         0  stubs.o ABSOLUTE
    _printf_str                              0x00000000   Number         0  stubs.o ABSOLUTE
    _printf_truncate_signed                  0x00000000   Number         0  stubs.o ABSOLUTE
    _printf_truncate_unsigned                0x00000000   Number         0  stubs.o ABSOLUTE
    _printf_u                                0x00000000   Number         0  stubs.o ABSOLUTE
    _printf_wc                               0x00000000   Number         0  stubs.o ABSOLUTE
    _printf_wctomb                           0x00000000   Number         0  stubs.o ABSOLUTE
    _printf_widthprec                        0x00000000   Number         0  stubs.o ABSOLUTE
    _printf_x                                0x00000000   Number         0  stubs.o ABSOLUTE
    __cpp_initialize__aeabi_                  - Undefined Weak Reference
    __cxa_finalize                            - Undefined Weak Reference
    _clock_init                               - Undefined Weak Reference
    _microlib_exit                            - Undefined Weak Reference
    __Vectors                                0x00003000   Data           4  am_lpc84x_armcc_startup.o(RESET)
    __main                                   0x000030c1   Thumb Code     0  entry.o(.ARM.Collect$$$$00000000)
    _main_stk                                0x000030c1   Thumb Code     0  entry2.o(.ARM.Collect$$$$00000001)
    _main_scatterload                        0x000030c5   Thumb Code     0  entry5.o(.ARM.Collect$$$$00000004)
    __main_after_scatterload                 0x000030c9   Thumb Code     0  entry5.o(.ARM.Collect$$$$00000004)
    _main_clock                              0x000030c9   Thumb Code     0  entry7b.o(.ARM.Collect$$$$00000008)
    _main_cpp_init                           0x000030c9   Thumb Code     0  entry8b.o(.ARM.Collect$$$$0000000A)
    _main_init                               0x000030c9   Thumb Code     0  entry9a.o(.ARM.Collect$$$$0000000B)
    __rt_final_cpp                           0x000030d1   Thumb Code     0  entry10a.o(.ARM.Collect$$$$0000000D)
    __rt_final_exit                          0x000030d1   Thumb Code     0  entry11a.o(.ARM.Collect$$$$0000000F)
    Reset_Handler                            0x000030d5   Thumb Code    20  am_lpc84x_armcc_startup.o(.text)
    NMI_Handler                              0x000030e9   Thumb Code     2  am_lpc84x_armcc_startup.o(.text)
    HardFault_Handler                        0x000030eb   Thumb Code     2  am_lpc84x_armcc_startup.o(.text)
    SVC_Handler                              0x000030ed   Thumb Code     2  am_lpc84x_armcc_startup.o(.text)
    __aeabi_uidiv                            0x00003101   Thumb Code     0  uidiv.o(.text)
    __aeabi_uidivmod                         0x00003101   Thumb Code    44  uidiv.o(.text)
    __aeabi_idiv                             0x0000312d   Thumb Code     0  idiv.o(.text)
    __aeabi_idivmod                          0x0000312d   Thumb Code    40  idiv.o(.text)
    __aeabi_uldivmod                         0x00003155   Thumb Code    96  uldiv.o(.text)
    __aeabi_llsl                             0x000031b5   Thumb Code    32  llshl.o(.text)
    _ll_shift_l                              0x000031b5   Thumb Code     0  llshl.o(.text)
    __aeabi_memset                           0x000031d5   Thumb Code    14  memseta.o(.text)
    __aeabi_memset4                          0x000031d5   Thumb Code     0  memseta.o(.text)
    __aeabi_memset8                          0x000031d5   Thumb Code     0  memseta.o(.text)
    __aeabi_memclr                           0x000031e3   Thumb Code     4  memseta.o(.text)
    __aeabi_memclr4                          0x000031e3   Thumb Code     0  memseta.o(.text)
    __aeabi_memclr8                          0x000031e3   Thumb Code     0  memseta.o(.text)
    _memset$wrapper                          0x000031e7   Thumb Code    18  memseta.o(.text)
    __aeabi_llsr                             0x000031f9   Thumb Code    34  llushr.o(.text)
    _ll_ushift_r                             0x000031f9   Thumb Code     0  llushr.o(.text)
    __scatterload                            0x0000321d   Thumb Code    28  init.o(.text)
    __scatterload_rt2                        0x0000321d   Thumb Code     0  init.o(.text)
    __decompress                             0x00003241   Thumb Code     0  __dczerorl2.o(.text)
    __decompress1                            0x00003241   Thumb Code    86  __dczerorl2.o(.text)
    am_int_cpu_lock                          0x00003299   Thumb Code     8  am_arm_nvic_armcc.o(CPU_LOCK)
    am_int_cpu_unlock                        0x000032a1   Thumb Code     6  am_arm_nvic_armcc.o(CPU_LOCK)
    PendSV_Handler                           0x000032b3   Thumb Code     8  am_bsp_isr_defer_pendsv.o(i.PendSV_Handler)
    SysTick_Handler                          0x000032bd   Thumb Code    28  am_arm_systick.o(i.SysTick_Handler)
    __ARM_common_ll_muluu                    0x000032dd   Thumb Code    48  am_bsp_delay_timer.o(i.__ARM_common_ll_muluu)
    __ARM_common_switch8                     0x0000330d   Thumb Code    28  am_zlg9021.o(i.__ARM_common_switch8)
    ___pfn_uart_rec_callback                 0x00003329   Thumb Code    80  demo_am845_core_armcc_application.o(i.___pfn_uart_rec_callback)
    __jobq_ffs                               0x000041b1   Thumb Code    34  am_jobq.o(i.__jobq_ffs)
    __scatterload_copy                       0x00004a3d   Thumb Code    14  handlers.o(i.__scatterload_copy)
    __scatterload_null                       0x00004a4b   Thumb Code     2  handlers.o(i.__scatterload_null)
    __scatterload_zeroinit                   0x00004a4d   Thumb Code    14  handlers.o(i.__scatterload_zeroinit)
    am_arm_nvic_init                         0x000056cd   Thumb Code   122  am_arm_nvic.o(i.am_arm_nvic_init)
    am_arm_nvic_inst_init                    0x00005759   Thumb Code    12  am_hwconf_arm_nvic.o(i.am_arm_nvic_inst_init)
    am_arm_nvic_priority_set                 0x0000576d   Thumb Code   232  am_arm_nvic.o(i.am_arm_nvic_priority_set)
    am_arm_systick_init                      0x00005861   Thumb Code    64  am_arm_systick.o(i.am_arm_systick_init)
    am_arm_systick_inst_init                 0x000058a9   Thumb Code    12  am_hwconf_arm_systick.o(i.am_arm_systick_inst_init)
    am_board_init                            0x000058bd   Thumb Code    72  am_board.o(i.am_board_init)
    am_boot_reset                            0x0000592d   Thumb Code    32  am_lpc845_boot.o(i.am_boot_reset)
    am_boot_update_flag_set                  0x00005959   Thumb Code   152  am_lpc845_boot.o(i.am_boot_update_flag_set)
    am_bsp_delay_timer_init                  0x000059f5   Thumb Code   200  am_bsp_delay_timer.o(i.am_bsp_delay_timer_init)
    am_bsp_isr_defer_pendsv_init             0x00005ac1   Thumb Code    26  am_bsp_isr_defer_pendsv.o(i.am_bsp_isr_defer_pendsv_init)
    am_bsp_microlib_init                     0x00005ae5   Thumb Code    14  am_bsp_microlib.o(i.am_bsp_microlib_init)
    am_bsp_system_heap_init                  0x00005af9   Thumb Code    20  am_bsp_system_heap.o(i.am_bsp_system_heap_init)
    am_buzzer_dev_register                   0x00005b1d   Thumb Code    52  am_buzzer_dev.o(i.am_buzzer_dev_register)
    am_buzzer_off                            0x00005b59   Thumb Code    46  am_buzzer_dev.o(i.am_buzzer_off)
    am_buzzer_pwm_init                       0x00005b8d   Thumb Code    62  am_buzzer_pwm.o(i.am_buzzer_pwm_init)
    am_buzzer_pwm_inst_init                  0x00005bd5   Thumb Code    28  am_hwconf_buzzer_pwm.o(i.am_buzzer_pwm_inst_init)
    am_clk_rate_get                          0x00005bf5   Thumb Code   298  am_lpc84x_clk.o(i.am_clk_rate_get)
    am_debug_init                            0x00005d2d   Thumb Code    36  am_vdebug.o(i.am_debug_init)
    am_debug_uart_inst_init                  0x00005d5d   Thumb Code    24  am_hwconf_debug_uart.o(i.am_debug_uart_inst_init)
    am_event_category_event_register         0x00005d75   Thumb Code    44  am_event.o(i.am_event_category_event_register)
    am_event_category_handler_register       0x00005da1   Thumb Code    42  am_event.o(i.am_event_category_handler_register)
    am_event_category_input_init             0x00005dcd   Thumb Code    44  am_event_category_input.o(i.am_event_category_input_init)
    am_event_category_intput_event_register  0x00005e11   Thumb Code    14  am_event_category_input.o(i.am_event_category_intput_event_register)
    am_event_input_inst_init                 0x00005e25   Thumb Code    14  am_servconf_event_input.o(i.am_event_input_inst_init)
    am_event_input_key_init                  0x00005e39   Thumb Code    86  am_event_input_key.o(i.am_event_input_key_init)
    am_event_raise                           0x00005e9d   Thumb Code    34  am_event.o(i.am_event_raise)
    am_exc_eint_handler                      0x00005ec1   Thumb Code    86  am_arm_nvic.o(i.am_exc_eint_handler)
    am_gpio_pin_cfg                          0x00005f21   Thumb Code   686  am_lpc84x_gpio.o(i.am_gpio_pin_cfg)
    am_gpio_set                              0x000061d9   Thumb Code    58  am_lpc84x_gpio.o(i.am_gpio_set)
    am_gpio_toggle                           0x00006219   Thumb Code    70  am_lpc84x_gpio.o(i.am_gpio_toggle)
    am_int_connect                           0x00006265   Thumb Code   160  am_arm_nvic.o(i.am_int_connect)
    am_int_enable                            0x00006309   Thumb Code    42  am_arm_nvic.o(i.am_int_enable)
    am_isr_defer_init                        0x0000633d   Thumb Code    44  am_isr_defer.o(i.am_isr_defer_init)
    am_isr_defer_job_process                 0x00006379   Thumb Code    12  am_isr_defer.o(i.am_isr_defer_job_process)
    am_jobq_process                          0x00006389   Thumb Code   264  am_jobq.o(i.am_jobq_process)
    am_jobq_queue_init                       0x00006491   Thumb Code   106  am_jobq.o(i.am_jobq_queue_init)
    am_koutput_set                           0x000064fd   Thumb Code    14  am_koutput.o(i.am_koutput_set)
    am_kprintf                               0x00006519   Thumb Code    66  am_kprintf.o(i.am_kprintf)
    am_led_dev_add                           0x00006569   Thumb Code    78  am_led_dev.o(i.am_led_dev_add)
    am_led_gpio_init                         0x000065b9   Thumb Code    96  am_led_gpio.o(i.am_led_gpio_init)
    am_led_gpio_inst_init                    0x0000661d   Thumb Code    12  am_hwconf_led_gpio.o(i.am_led_gpio_inst_init)
    am_led_toggle                            0x00006631   Thumb Code    48  am_led_dev.o(i.am_led_toggle)
    am_lpc845_boot_firmware_flash            0x0000668d   Thumb Code    16  am_double_app_conf_lpc845.o(i.am_lpc845_boot_firmware_flash)
    am_lpc845_boot_firmware_flash_init       0x000066a5   Thumb Code    34  am_lpc845_boot_firmware_flash.o(i.am_lpc845_boot_firmware_flash_init)
    am_lpc845_boot_flash_init                0x000066cd   Thumb Code    46  am_lpc845_boot_flash.o(i.am_lpc845_boot_flash_init)
    am_lpc845_boot_flash_inst_init           0x00006701   Thumb Code    12  am_double_app_conf_lpc845.o(i.am_lpc845_boot_flash_inst_init)
    am_lpc845_boot_init                      0x00006715   Thumb Code    28  am_lpc845_boot.o(i.am_lpc845_boot_init)
    am_lpc845_std_boot_inst_init             0x00006735   Thumb Code    16  am_double_app_conf_lpc845.o(i.am_lpc845_std_boot_inst_init)
    am_lpc84x_clk_init                       0x0000674d   Thumb Code   356  am_lpc84x_clk.o(i.am_lpc84x_clk_init)
    am_lpc84x_clk_inst_init                  0x000068c9   Thumb Code    12  am_hwconf_lpc84x_clk.o(i.am_lpc84x_clk_inst_init)
    am_lpc84x_dma_init                       0x000068dd   Thumb Code   230  am_lpc84x_dma.o(i.am_lpc84x_dma_init)
    am_lpc84x_dma_inst_init                  0x000069cd   Thumb Code    12  am_hwconf_lpc84x_dma.o(i.am_lpc84x_dma_inst_init)
    am_lpc84x_gpio_init                      0x000069e1   Thumb Code   122  am_lpc84x_gpio.o(i.am_lpc84x_gpio_init)
    am_lpc84x_gpio_inst_init                 0x00006a61   Thumb Code    12  am_hwconf_lpc84x_gpio.o(i.am_lpc84x_gpio_inst_init)
    am_lpc84x_mrt_inst_init                  0x00006a75   Thumb Code    12  am_hwconf_lpc84x_mrt.o(i.am_lpc84x_mrt_inst_init)
    am_lpc84x_sct0_pwm_inst_init             0x00006a89   Thumb Code    12  am_hwconf_lpc84x_sct0_pwm.o(i.am_lpc84x_sct0_pwm_inst_init)
    am_lpc84x_usart0_inst_init               0x00006a9d   Thumb Code    12  am_hwconf_lpc84x_usart0.o(i.am_lpc84x_usart0_inst_init)
    am_lpc_mrt_init                          0x00006ab1   Thumb Code   110  am_lpc_mrt.o(i.am_lpc_mrt_init)
    am_lpc_sct_pwm_init                      0x00006b25   Thumb Code    48  am_lpc_sct_pwm.o(i.am_lpc_sct_pwm_init)
    am_lpc_usart_init                        0x00006b59   Thumb Code   304  am_lpc_usart.o(i.am_lpc_usart_init)
    am_main                                  0x00006c95   Thumb Code     8  main.o(i.am_main)
    am_memheap_init                          0x00006c9d   Thumb Code   126  am_memheap.o(i.am_memheap_init)
    am_microlib_adapter_init                 0x00006d21   Thumb Code    12  am_microlib_adapter.o(i.am_microlib_adapter_init)
    am_nvram_init                            0x00006d31   Thumb Code    16  am_nvram.o(i.am_nvram_init)
    am_nvram_inst_init                       0x00006d49   Thumb Code    10  am_servconf_nvram.o(i.am_nvram_inst_init)
    am_softimer_init                         0x00006d59   Thumb Code    46  am_softimer.o(i.am_softimer_init)
    am_softimer_module_init                  0x00006d8d   Thumb Code    28  am_softimer.o(i.am_softimer_module_init)
    am_softimer_module_tick                  0x00006db1   Thumb Code   124  am_softimer.o(i.am_softimer_module_tick)
    am_softimer_start                        0x00006e31   Thumb Code    56  am_softimer.o(i.am_softimer_start)
    am_softimer_stop                         0x00006e69   Thumb Code    24  am_softimer.o(i.am_softimer_stop)
    am_system_module_init                    0x00006e81   Thumb Code    16  am_system.o(i.am_system_module_init)
    am_system_module_tick                    0x00006e99   Thumb Code    28  am_system.o(i.am_system_module_tick)
    am_system_tick_softimer_inst_init        0x00006eb9   Thumb Code    66  am_hwconf_system_tick_softimer.o(i.am_system_tick_softimer_inst_init)
    am_timer_count_freq_get                  0x00006f2f   Thumb Code    68  am_timer.o(i.am_timer_count_freq_get)
    am_udelay                                0x00006f99   Thumb Code   114  am_bsp_delay_timer.o(i.am_udelay)
    am_vfprintf_do                           0x00007015   Thumb Code   478  am_vfprintf_do.o(i.am_vfprintf_do)
    amhw_lpc84x_clk_adc_baseclkrate_get      0x0000729d   Thumb Code    56  amhw_lpc84x_clk.o(i.amhw_lpc84x_clk_adc_baseclkrate_get)
    amhw_lpc84x_clk_frg0_baseclkrate_set     0x000072dd   Thumb Code    78  amhw_lpc84x_clk.o(i.amhw_lpc84x_clk_frg0_baseclkrate_set)
    amhw_lpc84x_clk_main_clkrate_get         0x00007335   Thumb Code    48  amhw_lpc84x_clk.o(i.amhw_lpc84x_clk_main_clkrate_get)
    amhw_lpc84x_clk_pllin_rate_get           0x000073d9   Thumb Code    54  amhw_lpc84x_clk.o(i.amhw_lpc84x_clk_pllin_rate_get)
    amhw_lpc84x_clk_pllout_rate_get          0x0000741d   Thumb Code    24  amhw_lpc84x_clk.o(i.amhw_lpc84x_clk_pllout_rate_get)
    amhw_lpc84x_clk_sct_baseclkrate_get      0x00007439   Thumb Code    84  amhw_lpc84x_clk.o(i.amhw_lpc84x_clk_sct_baseclkrate_get)
    amhw_lpc84x_clk_system_clkrate_get       0x00007495   Thumb Code    26  amhw_lpc84x_clk.o(i.amhw_lpc84x_clk_system_clkrate_get)
    amhw_lpc84x_clk_uart0_clk_sel_set        0x000074b5   Thumb Code     6  amhw_lpc84x_clk.o(i.amhw_lpc84x_clk_uart0_clk_sel_set)
    amhw_lpc84x_clk_usart_i2c_spi_baseclkrate_get 0x000074c1   Thumb Code   512  amhw_lpc84x_clk.o(i.amhw_lpc84x_clk_usart_i2c_spi_baseclkrate_get)
    amhw_lpc84x_clk_wdt_rate_get             0x000076c9   Thumb Code   166  amhw_lpc84x_clk.o(i.amhw_lpc84x_clk_wdt_rate_get)
    amhw_lpc84x_iap_copy                     0x00007859   Thumb Code    40  amhw_lpc84x_iap.o(i.amhw_lpc84x_iap_copy)
    amhw_lpc84x_iap_erase_page               0x00007895   Thumb Code    36  amhw_lpc84x_iap.o(i.amhw_lpc84x_iap_erase_page)
    amhw_lpc84x_iap_erase_sector             0x000078b9   Thumb Code    36  amhw_lpc84x_iap.o(i.amhw_lpc84x_iap_erase_sector)
    amhw_lpc84x_iap_prepare                  0x000078dd   Thumb Code    32  amhw_lpc84x_iap.o(i.amhw_lpc84x_iap_prepare)
    amhw_lpc84x_sct_clk_sel_set              0x00007925   Thumb Code     8  amhw_lpc84x_clk.o(i.amhw_lpc84x_sct_clk_sel_set)
    amhw_lpc84x_swm_pin_fixed_func_disable   0x00007a21   Thumb Code   128  amhw_lpc84x_swm.o(i.amhw_lpc84x_swm_pin_fixed_func_disable)
    amhw_lpc84x_swm_pin_fixed_func_enable    0x00007aa5   Thumb Code   202  amhw_lpc84x_swm.o(i.amhw_lpc84x_swm_pin_fixed_func_enable)
    amhw_lpc_sct_conflict_res_config         0x00007cf9   Thumb Code    28  amhw_lpc_sct.o(i.amhw_lpc_sct_conflict_res_config)
    amhw_lpc_sct_mat_reload_val_set          0x00007d65   Thumb Code    52  amhw_lpc_sct.o(i.amhw_lpc_sct_mat_reload_val_set)
    amhw_lpc_sct_mat_val_set                 0x00007d99   Thumb Code    84  amhw_lpc_sct.o(i.amhw_lpc_sct_mat_val_set)
    amhw_lpc_sct_output_dir_ctrl             0x00007ded   Thumb Code    28  amhw_lpc_sct.o(i.amhw_lpc_sct_output_dir_ctrl)
    amhw_lpc_sct_prescale_set                0x00007e09   Thumb Code    88  amhw_lpc_sct.o(i.amhw_lpc_sct_prescale_set)
    amhw_lpc_sct_regmode_config              0x00007e61   Thumb Code    82  amhw_lpc_sct.o(i.amhw_lpc_sct_regmode_config)
    amhw_lpc_usart_baudrate_set              0x00007eb3   Thumb Code   166  amhw_lpc_usart.o(i.amhw_lpc_usart_baudrate_set)
    demo_am845_core_application_entry        0x00007f95   Thumb Code   128  demo_am845_core_armcc_application.o(i.demo_am845_core_application_entry)
    main                                     0x00008035   Thumb Code    34  am_prj_config.o(i.main)
    amhw_lpc84x_iocon_offset_pin             0x000081dc   Data          54  amhw_lpc84x_iocon.o(.constdata)
    Region$$Table$$Base                      0x00008550   Number         0  anon$$obj.o(Region$$Table)
    Region$$Table$$Limit                     0x00008570   Number         0  anon$$obj.o(Region$$Table)
    gp_isr_defer_info                        0x10000128   Data           4  am_bsp_isr_defer_pendsv.o(.data)
    __stdin                                  0x1000013c   Data           4  am_microlib_adapter.o(.data)
    __stdout                                 0x10000140   Data           4  am_microlib_adapter.o(.data)
    __stderr                                 0x10000144   Data           4  am_microlib_adapter.o(.data)
    gp_kout_file                             0x10000178   Data           4  am_koutput.o(.data)
    gpfunc_kputc                             0x1000017c   Data           4  am_koutput.o(.data)
    gpfunc_kputs                             0x10000180   Data           4  am_koutput.o(.data)
    g_dbg_handle                             0x10000190   Data           4  am_vdebug.o(.data)
    __gp_dma_dev                             0x10000194   Data           4  am_lpc84x_dma.o(.data)
    __gp_gpio_dev                            0x10000198   Data           4  am_lpc84x_gpio.o(.data)
    uart_handle                              0x100001e0   Data           4  demo_am845_core_armcc_application.o(.data)
    g_buzzer_pwm_handle                      0x10000254   Data           4  am_board.o(.data)
    g_system_tick_timer_handle               0x10000258   Data           4  am_board.o(.data)
    Image$$RW_IRAM1$$ZI$$Limit               0x10002300   Number         0  anon$$obj.o ABSOLUTE
    __initial_sp                             0x10002300   Data           0  am_lpc84x_armcc_startup.o(STACK)



==============================================================================

Memory Map of the image

  Image Entry point : 0x000030c1

  Load Region LR_IROM1 (Base: 0x00003000, Size: 0x00005824, Max: 0x00006800, ABSOLUTE, COMPRESSED[0x000055f8])

    Execution Region ER_IROM1 (Exec base: 0x00003000, Load base: 0x00003000, Size: 0x00005570, Max: 0x00006800, ABSOLUTE)

    Exec Addr    Load Addr    Size         Type   Attr      Idx    E Section Name        Object

    0x00003000   0x00003000   0x000000c0   Data   RO        13105    RESET               am_lpc84x_armcc_startup.o
    0x000030c0   0x000030c0   0x00000000   Code   RO        15281  * .ARM.Collect$$$$00000000  mc_p.l(entry.o)
    0x000030c0   0x000030c0   0x00000004   Code   RO        15616    .ARM.Collect$$$$00000001  mc_p.l(entry2.o)
    0x000030c4   0x000030c4   0x00000004   Code   RO        15619    .ARM.Collect$$$$00000004  mc_p.l(entry5.o)
    0x000030c8   0x000030c8   0x00000000   Code   RO        15621    .ARM.Collect$$$$00000008  mc_p.l(entry7b.o)
    0x000030c8   0x000030c8   0x00000000   Code   RO        15623    .ARM.Collect$$$$0000000A  mc_p.l(entry8b.o)
    0x000030c8   0x000030c8   0x00000008   Code   RO        15624    .ARM.Collect$$$$0000000B  mc_p.l(entry9a.o)
    0x000030d0   0x000030d0   0x00000000   Code   RO        15626    .ARM.Collect$$$$0000000D  mc_p.l(entry10a.o)
    0x000030d0   0x000030d0   0x00000000   Code   RO        15628    .ARM.Collect$$$$0000000F  mc_p.l(entry11a.o)
    0x000030d0   0x000030d0   0x00000004   Code   RO        15617    .ARM.Collect$$$$00002712  mc_p.l(entry2.o)
    0x000030d4   0x000030d4   0x0000002c   Code   RO        13106    .text               am_lpc84x_armcc_startup.o
    0x00003100   0x00003100   0x0000002c   Code   RO        15284    .text               mc_p.l(uidiv.o)
    0x0000312c   0x0000312c   0x00000028   Code   RO        15286    .text               mc_p.l(idiv.o)
    0x00003154   0x00003154   0x00000060   Code   RO        15288    .text               mc_p.l(uldiv.o)
    0x000031b4   0x000031b4   0x00000020   Code   RO        15292    .text               mc_p.l(llshl.o)
    0x000031d4   0x000031d4   0x00000024   Code   RO        15305    .text               mc_p.l(memseta.o)
    0x000031f8   0x000031f8   0x00000022   Code   RO        15630    .text               mc_p.l(llushr.o)
    0x0000321a   0x0000321a   0x00000002   PAD
    0x0000321c   0x0000321c   0x00000024   Code   RO        15686    .text               mc_p.l(init.o)
    0x00003240   0x00003240   0x00000056   Code   RO        15698    .text               mc_p.l(__dczerorl2.o)
    0x00003296   0x00003296   0x00000002   PAD
    0x00003298   0x00003298   0x0000000e   Code   RO          469    CPU_LOCK            am_arm_nvic_armcc.o
    0x000032a6   0x000032a6   0x00000006   Code   RO         5923    i.AM_INIT_LIST_HEAD  am_jobq.o
    0x000032ac   0x000032ac   0x00000006   Code   RO         6142    i.AM_INIT_LIST_HEAD  am_softimer.o
    0x000032b2   0x000032b2   0x00000008   Code   RO          189    i.PendSV_Handler    am_bsp_isr_defer_pendsv.o
    0x000032ba   0x000032ba   0x00000002   PAD
    0x000032bc   0x000032bc   0x00000020   Code   RO          373    i.SysTick_Handler   am_arm_systick.o
    0x000032dc   0x000032dc   0x00000030   Code   RO          290    i.__ARM_common_ll_muluu  am_bsp_delay_timer.o
    0x0000330c   0x0000330c   0x0000001c   Code   RO          786    i.__ARM_common_switch8  am_zlg9021.o
    0x00003328   0x00003328   0x00000068   Code   RO        10487    i.___pfn_uart_rec_callback  demo_am845_core_armcc_application.o
    0x00003390   0x00003390   0x00000010   Code   RO         4491    i.__beep_timer_callback  am_buzzer_dev.o
    0x000033a0   0x000033a0   0x00000096   Code   RO         9108    i.__boot_flash_erase_region  am_lpc845_boot_flash.o
    0x00003436   0x00003436   0x0000000a   Code   RO         9109    i.__boot_flash_info_get  am_lpc845_boot_flash.o
    0x00003440   0x00003440   0x00000092   Code   RO         9110    i.__boot_flash_program  am_lpc845_boot_flash.o
    0x000034d2   0x000034d2   0x0000003e   Code   RO          815    i.__buzzer_pwm_set  am_buzzer_pwm.o
    0x00003510   0x00003510   0x00000020   Code   RO           64    i.__dbg_fgetc       am_bsp_microlib.o
    0x00003530   0x00003530   0x00000020   Code   RO           65    i.__dbg_fputc       am_bsp_microlib.o
    0x00003550   0x00003550   0x00000032   Code   RO         6216    i.__dbg_fputc       am_vdebug.o
    0x00003582   0x00003582   0x0000001e   Code   RO         6217    i.__dbg_fputs       am_vdebug.o
    0x000035a0   0x000035a0   0x00000080   Code   RO          227    i.__delay           am_bsp_delay_timer.o
    0x00003620   0x00003620   0x00000018   Code   RO        10488    i.__delay           demo_am845_core_armcc_application.o
    0x00003638   0x00003638   0x00000016   Code   RO          228    i.__delay_by_factor  am_bsp_delay_timer.o
    0x0000364e   0x0000364e   0x00000020   Code   RO          229    i.__delay_by_factor_ticks_cal  am_bsp_delay_timer.o
    0x0000366e   0x0000366e   0x00000002   PAD
    0x00003670   0x00003670   0x0000012c   Code   RO          230    i.__delay_by_fator_cal  am_bsp_delay_timer.o
    0x0000379c   0x0000379c   0x00000030   Code   RO          231    i.__delay_cali_ticks_cal  am_bsp_delay_timer.o
    0x000037cc   0x000037cc   0x00000028   Code   RO          232    i.__delay_count_get_ticks_cal  am_bsp_delay_timer.o
    0x000037f4   0x000037f4   0x000002c0   Code   RO        10489    i.__detect_firmware_receive  demo_am845_core_armcc_application.o
    0x00003ab4   0x00003ab4   0x00000148   Code   RO         8337    i.__dma_int_handler  am_lpc84x_dma.o
    0x00003bfc   0x00003bfc   0x0000004e   Code   RO         7572    i.__err_cal         amhw_lpc_usart.o
    0x00003c4a   0x00003c4a   0x00000032   Code   RO        14506    i.__error_check_with_new_prescale  am_hwconf_system_tick_softimer.o
    0x00003c7c   0x00003c7c   0x0000003a   Code   RO         4808    i.__event_handler_process  am_event.o
    0x00003cb6   0x00003cb6   0x00000002   PAD
    0x00003cb8   0x00003cb8   0x00000028   Code   RO         4929    i.__event_input_key_report  am_event_input_key.o
    0x00003ce0   0x00003ce0   0x00000032   Code   RO         4809    i.__event_raise     am_event.o
    0x00003d12   0x00003d12   0x0000028a   Code   RO         9057    i.__firmware_flash_bytes  am_lpc845_boot_firmware_flash.o
    0x00003f9c   0x00003f9c   0x000000aa   Code   RO         9058    i.__firmware_flash_final  am_lpc845_boot_firmware_flash.o
    0x00004046   0x00004046   0x000000fe   Code   RO         9059    i.__firmware_flash_start  am_lpc845_boot_firmware_flash.o
    0x00004144   0x00004144   0x0000001c   Code   RO        10490    i.__firmware_transmit_fail_handle  demo_am845_core_armcc_application.o
    0x00004160   0x00004160   0x00000038   Code   RO         9060    i.__firmware_verify  am_lpc845_boot_firmware_flash.o
    0x00004198   0x00004198   0x00000002   Code   RO         4875    i.__input_event_manager  am_event_category_input.o
    0x0000419a   0x0000419a   0x00000002   PAD
    0x0000419c   0x0000419c   0x00000014   Code   RO          190    i.__isr_defer_trigger  am_bsp_isr_defer_pendsv.o
    0x000041b0   0x000041b0   0x00000028   Code   RO         5924    i.__jobq_ffs        am_jobq.o
    0x000041d8   0x000041d8   0x00000044   Code   RO         4930    i.__key_long_press_softimer_cb  am_event_input_key.o
    0x0000421c   0x0000421c   0x00000024   Code   RO         5384    i.__led_dev_add     am_led_dev.o
    0x00004240   0x00004240   0x00000038   Code   RO         5386    i.__led_dev_find_with_id  am_led_dev.o
    0x00004278   0x00004278   0x00000028   Code   RO         2119    i.__led_gpio_set    am_led_gpio.o
    0x000042a0   0x000042a0   0x0000001e   Code   RO         2120    i.__led_gpio_toggle  am_led_gpio.o
    0x000042be   0x000042be   0x0000000c   Code   RO        10491    i.__led_timer_handle  demo_am845_core_armcc_application.o
    0x000042ca   0x000042ca   0x00000002   PAD
    0x000042cc   0x000042cc   0x00000048   Code   RO        13389    i.__lpc84x_clk_plfm_deinit  am_hwconf_lpc84x_clk.o
    0x00004314   0x00004314   0x00000060   Code   RO        13390    i.__lpc84x_clk_plfm_init  am_hwconf_lpc84x_clk.o
    0x00004374   0x00004374   0x00000030   Code   RO        13535    i.__lpc84x_dma_plfm_deinit  am_hwconf_lpc84x_dma.o
    0x000043a4   0x000043a4   0x00000078   Code   RO        13536    i.__lpc84x_dma_plfm_init  am_hwconf_lpc84x_dma.o
    0x0000441c   0x0000441c   0x00000028   Code   RO        13575    i.__lpc84x_gpio_plfm_deinit  am_hwconf_lpc84x_gpio.o
    0x00004444   0x00004444   0x0000002e   Code   RO        13576    i.__lpc84x_gpio_plfm_init  am_hwconf_lpc84x_gpio.o
    0x00004472   0x00004472   0x00000002   PAD
    0x00004474   0x00004474   0x00000038   Code   RO        13815    i.__lpc84x_mrt_plfm_deinit  am_hwconf_lpc84x_mrt.o
    0x000044ac   0x000044ac   0x00000038   Code   RO        13816    i.__lpc84x_mrt_plfm_init  am_hwconf_lpc84x_mrt.o
    0x000044e4   0x000044e4   0x00000038   Code   RO        13904    i.__lpc84x_sct0_pwm_plfm_deinit  am_hwconf_lpc84x_sct0_pwm.o
    0x0000451c   0x0000451c   0x00000040   Code   RO        13905    i.__lpc84x_sct0_pwm_plfm_init  am_hwconf_lpc84x_sct0_pwm.o
    0x0000455c   0x0000455c   0x0000004c   Code   RO        14184    i.__lpc84x_usart0_plfm_deinit  am_hwconf_lpc84x_usart0.o
    0x000045a8   0x000045a8   0x0000005c   Code   RO        14185    i.__lpc84x_usart0_plfm_init  am_hwconf_lpc84x_usart0.o
    0x00004604   0x00004604   0x0000006c   Code   RO         6497    i.__mrt_callback_set  am_lpc_mrt.o
    0x00004670   0x00004670   0x00000024   Code   RO         6498    i.__mrt_clkin_freq_get  am_lpc_mrt.o
    0x00004694   0x00004694   0x00000036   Code   RO         6499    i.__mrt_count_get   am_lpc_mrt.o
    0x000046ca   0x000046ca   0x00000044   Code   RO         6500    i.__mrt_disable     am_lpc_mrt.o
    0x0000470e   0x0000470e   0x00000058   Code   RO         6501    i.__mrt_enable      am_lpc_mrt.o
    0x00004766   0x00004766   0x00000002   PAD
    0x00004768   0x00004768   0x0000000c   Code   RO         6502    i.__mrt_info_get    am_lpc_mrt.o
    0x00004774   0x00004774   0x00000060   Code   RO         6503    i.__mrt_irq_handler  am_lpc_mrt.o
    0x000047d4   0x000047d4   0x00000018   Code   RO         6504    i.__mrt_prescale_get  am_lpc_mrt.o
    0x000047ec   0x000047ec   0x0000000e   Code   RO         6505    i.__mrt_prescale_set  am_lpc_mrt.o
    0x000047fa   0x000047fa   0x00000002   PAD
    0x000047fc   0x000047fc   0x00000038   Code   RO         6506    i.__mrt_rollover_get  am_lpc_mrt.o
    0x00004834   0x00004834   0x0000002c   Code   RO         6143    i.__ms_to_ticks     am_softimer.o
    0x00004860   0x00004860   0x000000d2   Code   RO        14507    i.__prescale_and_count_cal  am_hwconf_system_tick_softimer.o
    0x00004932   0x00004932   0x00000002   PAD
    0x00004934   0x00004934   0x00000088   Code   RO        10492    i.__read_data       demo_am845_core_armcc_application.o
    0x000049bc   0x000049bc   0x00000080   Code   RO        10493    i.__receive_callback_timer_handle  demo_am845_core_armcc_application.o
    0x00004a3c   0x00004a3c   0x0000000e   Code   RO        15692    i.__scatterload_copy  mc_p.l(handlers.o)
    0x00004a4a   0x00004a4a   0x00000002   Code   RO        15693    i.__scatterload_null  mc_p.l(handlers.o)
    0x00004a4c   0x00004a4c   0x0000000e   Code   RO        15694    i.__scatterload_zeroinit  mc_p.l(handlers.o)
    0x00004a5a   0x00004a5a   0x00000002   PAD
    0x00004a5c   0x00004a5c   0x000000d0   Code   RO         6801    i.__sct_pwm_config  am_lpc_sct_pwm.o
    0x00004b2c   0x00004b2c   0x000000ee   Code   RO         6802    i.__sct_pwm_disable  am_lpc_sct_pwm.o
    0x00004c1a   0x00004c1a   0x000000d4   Code   RO         6803    i.__sct_pwm_enable  am_lpc_sct_pwm.o
    0x00004cee   0x00004cee   0x00000002   PAD
    0x00004cf0   0x00004cf0   0x00000070   Code   RO         6804    i.__sct_pwm_init    am_lpc_sct_pwm.o
    0x00004d60   0x00004d60   0x00000054   Code   RO         6144    i.__softimer_add    am_softimer.o
    0x00004db4   0x00004db4   0x00000034   Code   RO         6145    i.__softimer_remove  am_softimer.o
    0x00004de8   0x00004de8   0x0000000e   Code   RO        14509    i.__system_tick_softimer_callback  am_hwconf_system_tick_softimer.o
    0x00004df6   0x00004df6   0x00000044   Code   RO          374    i.__systick_callback_set  am_arm_systick.o
    0x00004e3a   0x00004e3a   0x00000024   Code   RO          375    i.__systick_clkin_freq_get  am_arm_systick.o
    0x00004e5e   0x00004e5e   0x00000036   Code   RO          376    i.__systick_count_get  am_arm_systick.o
    0x00004e94   0x00004e94   0x0000002e   Code   RO          377    i.__systick_disable  am_arm_systick.o
    0x00004ec2   0x00004ec2   0x00000058   Code   RO          378    i.__systick_enable  am_arm_systick.o
    0x00004f1a   0x00004f1a   0x00000002   PAD
    0x00004f1c   0x00004f1c   0x0000000c   Code   RO          379    i.__systick_info_get  am_arm_systick.o
    0x00004f28   0x00004f28   0x00000020   Code   RO          380    i.__systick_prescale_get  am_arm_systick.o
    0x00004f48   0x00004f48   0x00000010   Code   RO          381    i.__systick_prescale_set  am_arm_systick.o
    0x00004f58   0x00004f58   0x0000002c   Code   RO          382    i.__systick_rollover_get  am_arm_systick.o
    0x00004f84   0x00004f84   0x0000002c   Code   RO          233    i.__time_ticks_cal  am_bsp_delay_timer.o
    0x00004fb0   0x00004fb0   0x00000020   Code   RO          234    i.__timer_count_get  am_bsp_delay_timer.o
    0x00004fd0   0x00004fd0   0x00000094   Code   RO        14510    i.__timer_enable_us  am_hwconf_system_tick_softimer.o
    0x00005064   0x00005064   0x00000040   Code   RO         7166    i.__usart_callback_set  am_lpc_usart.o
    0x000050a4   0x000050a4   0x0000009e   Code   RO         7573    i.__usart_div_cal   amhw_lpc_usart.o
    0x00005142   0x00005142   0x00000008   Code   RO         7167    i.__usart_dummy_callback  am_lpc_usart.o
    0x0000514a   0x0000514a   0x00000072   Code   RO         7168    i.__usart_flow_mode_set  am_lpc_usart.o
    0x000051bc   0x000051bc   0x00000062   Code   RO         7169    i.__usart_flow_rxstat_set  am_lpc_usart.o
    0x0000521e   0x0000521e   0x00000038   Code   RO         7170    i.__usart_flow_txstat_get  am_lpc_usart.o
    0x00005256   0x00005256   0x00000100   Code   RO         7171    i.__usart_ioctl     am_lpc_usart.o
    0x00005356   0x00005356   0x0000005e   Code   RO         7172    i.__usart_irq_handler  am_lpc_usart.o
    0x000053b4   0x000053b4   0x00000050   Code   RO         7173    i.__usart_irq_rx_handler  am_lpc_usart.o
    0x00005404   0x00005404   0x00000082   Code   RO         7174    i.__usart_irq_tx_handler  am_lpc_usart.o
    0x00005486   0x00005486   0x00000002   PAD
    0x00005488   0x00005488   0x00000048   Code   RO         7175    i.__usart_mode_set  am_lpc_usart.o
    0x000054d0   0x000054d0   0x000000be   Code   RO         7176    i.__usart_opt_set   am_lpc_usart.o
    0x0000558e   0x0000558e   0x00000064   Code   RO         7177    i.__usart_poll_getchar  am_lpc_usart.o
    0x000055f2   0x000055f2   0x00000086   Code   RO         7178    i.__usart_poll_putchar  am_lpc_usart.o
    0x00005678   0x00005678   0x00000054   Code   RO         7179    i.__usart_tx_startup  am_lpc_usart.o
    0x000056cc   0x000056cc   0x0000008c   Code   RO          302    i.am_arm_nvic_init  am_arm_nvic.o
    0x00005758   0x00005758   0x00000014   Code   RO        13136    i.am_arm_nvic_inst_init  am_hwconf_arm_nvic.o
    0x0000576c   0x0000576c   0x000000f4   Code   RO          303    i.am_arm_nvic_priority_set  am_arm_nvic.o
    0x00005860   0x00005860   0x00000048   Code   RO          384    i.am_arm_systick_init  am_arm_systick.o
    0x000058a8   0x000058a8   0x00000014   Code   RO        13166    i.am_arm_systick_inst_init  am_hwconf_arm_systick.o
    0x000058bc   0x000058bc   0x00000058   Code   RO        14593    i.am_board_init     am_board.o
    0x00005914   0x00005914   0x00000016   Code   RO        10494    i.am_boot_firmware_store_bytes  demo_am845_core_armcc_application.o
    0x0000592a   0x0000592a   0x00000002   PAD
    0x0000592c   0x0000592c   0x0000002c   Code   RO         8980    i.am_boot_reset     am_lpc845_boot.o
    0x00005958   0x00005958   0x0000009c   Code   RO         8981    i.am_boot_update_flag_set  am_lpc845_boot.o
    0x000059f4   0x000059f4   0x000000cc   Code   RO          235    i.am_bsp_delay_timer_init  am_bsp_delay_timer.o
    0x00005ac0   0x00005ac0   0x00000024   Code   RO          191    i.am_bsp_isr_defer_pendsv_init  am_bsp_isr_defer_pendsv.o
    0x00005ae4   0x00005ae4   0x00000014   Code   RO           66    i.am_bsp_microlib_init  am_bsp_microlib.o
    0x00005af8   0x00005af8   0x00000024   Code   RO          104    i.am_bsp_system_heap_init  am_bsp_system_heap.o
    0x00005b1c   0x00005b1c   0x0000003c   Code   RO         4494    i.am_buzzer_dev_register  am_buzzer_dev.o
    0x00005b58   0x00005b58   0x00000034   Code   RO         4495    i.am_buzzer_off     am_buzzer_dev.o
    0x00005b8c   0x00005b8c   0x00000048   Code   RO          816    i.am_buzzer_pwm_init  am_buzzer_pwm.o
    0x00005bd4   0x00005bd4   0x00000020   Code   RO        13192    i.am_buzzer_pwm_inst_init  am_hwconf_buzzer_pwm.o
    0x00005bf4   0x00005bf4   0x00000138   Code   RO         8036    i.am_clk_rate_get   am_lpc84x_clk.o
    0x00005d2c   0x00005d2c   0x00000030   Code   RO         6218    i.am_debug_init     am_vdebug.o
    0x00005d5c   0x00005d5c   0x00000018   Code   RO        13204    i.am_debug_uart_inst_init  am_hwconf_debug_uart.o
    0x00005d74   0x00005d74   0x0000002c   Code   RO         4811    i.am_event_category_event_register  am_event.o
    0x00005da0   0x00005da0   0x0000002a   Code   RO         4813    i.am_event_category_handler_register  am_event.o
    0x00005dca   0x00005dca   0x00000002   PAD
    0x00005dcc   0x00005dcc   0x00000044   Code   RO         4876    i.am_event_category_input_init  am_event_category_input.o
    0x00005e10   0x00005e10   0x00000014   Code   RO         4877    i.am_event_category_intput_event_register  am_event_category_input.o
    0x00005e24   0x00005e24   0x00000014   Code   RO        14621    i.am_event_input_inst_init  am_servconf_event_input.o
    0x00005e38   0x00005e38   0x00000064   Code   RO         4933    i.am_event_input_key_init  am_event_input_key.o
    0x00005e9c   0x00005e9c   0x00000022   Code   RO         4817    i.am_event_raise    am_event.o
    0x00005ebe   0x00005ebe   0x00000002   PAD
    0x00005ec0   0x00005ec0   0x00000060   Code   RO          304    i.am_exc_eint_handler  am_arm_nvic.o
    0x00005f20   0x00005f20   0x000002b8   Code   RO         8471    i.am_gpio_pin_cfg   am_lpc84x_gpio.o
    0x000061d8   0x000061d8   0x00000040   Code   RO         8472    i.am_gpio_set       am_lpc84x_gpio.o
    0x00006218   0x00006218   0x0000004c   Code   RO         8473    i.am_gpio_toggle    am_lpc84x_gpio.o
    0x00006264   0x00006264   0x000000a4   Code   RO          305    i.am_int_connect    am_arm_nvic.o
    0x00006308   0x00006308   0x00000034   Code   RO          308    i.am_int_enable     am_arm_nvic.o
    0x0000633c   0x0000633c   0x0000003c   Code   RO         5890    i.am_isr_defer_init  am_isr_defer.o
    0x00006378   0x00006378   0x00000010   Code   RO         5893    i.am_isr_defer_job_process  am_isr_defer.o
    0x00006388   0x00006388   0x00000108   Code   RO         5927    i.am_jobq_process   am_jobq.o
    0x00006490   0x00006490   0x0000006a   Code   RO         5928    i.am_jobq_queue_init  am_jobq.o
    0x000064fa   0x000064fa   0x00000002   PAD
    0x000064fc   0x000064fc   0x0000001c   Code   RO         5972    i.am_koutput_set    am_koutput.o
    0x00006518   0x00006518   0x00000050   Code   RO         5990    i.am_kprintf        am_kprintf.o
    0x00006568   0x00006568   0x0000004e   Code   RO         5387    i.am_led_dev_add    am_led_dev.o
    0x000065b6   0x000065b6   0x00000002   PAD
    0x000065b8   0x000065b8   0x00000064   Code   RO         2122    i.am_led_gpio_init  am_led_gpio.o
    0x0000661c   0x0000661c   0x00000014   Code   RO        13256    i.am_led_gpio_inst_init  am_hwconf_led_gpio.o
    0x00006630   0x00006630   0x00000030   Code   RO         5393    i.am_led_toggle     am_led_dev.o
    0x00006660   0x00006660   0x0000001a   Code   RO         6146    i.am_list_del_init  am_softimer.o
    0x0000667a   0x0000667a   0x00000010   Code   RO         6147    i.am_list_empty     am_softimer.o
    0x0000668a   0x0000668a   0x00000002   PAD
    0x0000668c   0x0000668c   0x00000018   Code   RO        14700    i.am_lpc845_boot_firmware_flash  am_double_app_conf_lpc845.o
    0x000066a4   0x000066a4   0x00000028   Code   RO         9062    i.am_lpc845_boot_firmware_flash_init  am_lpc845_boot_firmware_flash.o
    0x000066cc   0x000066cc   0x00000034   Code   RO         9111    i.am_lpc845_boot_flash_init  am_lpc845_boot_flash.o
    0x00006700   0x00006700   0x00000014   Code   RO        14701    i.am_lpc845_boot_flash_inst_init  am_double_app_conf_lpc845.o
    0x00006714   0x00006714   0x00000020   Code   RO         8982    i.am_lpc845_boot_init  am_lpc845_boot.o
    0x00006734   0x00006734   0x00000018   Code   RO        14702    i.am_lpc845_std_boot_inst_init  am_double_app_conf_lpc845.o
    0x0000674c   0x0000674c   0x0000017c   Code   RO         8038    i.am_lpc84x_clk_init  am_lpc84x_clk.o
    0x000068c8   0x000068c8   0x00000014   Code   RO        13392    i.am_lpc84x_clk_inst_init  am_hwconf_lpc84x_clk.o
    0x000068dc   0x000068dc   0x000000f0   Code   RO         8342    i.am_lpc84x_dma_init  am_lpc84x_dma.o
    0x000069cc   0x000069cc   0x00000014   Code   RO        13538    i.am_lpc84x_dma_inst_init  am_hwconf_lpc84x_dma.o
    0x000069e0   0x000069e0   0x00000080   Code   RO         8480    i.am_lpc84x_gpio_init  am_lpc84x_gpio.o
    0x00006a60   0x00006a60   0x00000014   Code   RO        13578    i.am_lpc84x_gpio_inst_init  am_hwconf_lpc84x_gpio.o
    0x00006a74   0x00006a74   0x00000014   Code   RO        13818    i.am_lpc84x_mrt_inst_init  am_hwconf_lpc84x_mrt.o
    0x00006a88   0x00006a88   0x00000014   Code   RO        13907    i.am_lpc84x_sct0_pwm_inst_init  am_hwconf_lpc84x_sct0_pwm.o
    0x00006a9c   0x00006a9c   0x00000014   Code   RO        14187    i.am_lpc84x_usart0_inst_init  am_hwconf_lpc84x_usart0.o
    0x00006ab0   0x00006ab0   0x00000074   Code   RO         6508    i.am_lpc_mrt_init   am_lpc_mrt.o
    0x00006b24   0x00006b24   0x00000034   Code   RO         6806    i.am_lpc_sct_pwm_init  am_lpc_sct_pwm.o
    0x00006b58   0x00006b58   0x0000013c   Code   RO         7181    i.am_lpc_usart_init  am_lpc_usart.o
    0x00006c94   0x00006c94   0x00000008   Code   RO        13112    i.am_main           main.o
    0x00006c9c   0x00006c9c   0x00000084   Code   RO         6018    i.am_memheap_init   am_memheap.o
    0x00006d20   0x00006d20   0x00000010   Code   RO         4401    i.am_microlib_adapter_init  am_microlib_adapter.o
    0x00006d30   0x00006d30   0x00000018   Code   RO         5482    i.am_nvram_init     am_nvram.o
    0x00006d48   0x00006d48   0x00000010   Code   RO        14636    i.am_nvram_inst_init  am_servconf_nvram.o
    0x00006d58   0x00006d58   0x00000034   Code   RO         6148    i.am_softimer_init  am_softimer.o
    0x00006d8c   0x00006d8c   0x00000024   Code   RO         6149    i.am_softimer_module_init  am_softimer.o
    0x00006db0   0x00006db0   0x00000080   Code   RO         6150    i.am_softimer_module_tick  am_softimer.o
    0x00006e30   0x00006e30   0x00000038   Code   RO         6151    i.am_softimer_start  am_softimer.o
    0x00006e68   0x00006e68   0x00000018   Code   RO         6152    i.am_softimer_stop  am_softimer.o
    0x00006e80   0x00006e80   0x00000018   Code   RO         5593    i.am_system_module_init  am_system.o
    0x00006e98   0x00006e98   0x00000020   Code   RO         5594    i.am_system_module_tick  am_system.o
    0x00006eb8   0x00006eb8   0x00000048   Code   RO        14512    i.am_system_tick_softimer_inst_init  am_hwconf_system_tick_softimer.o
    0x00006f00   0x00006f00   0x0000001c   Code   RO        14513    i.am_timer_callback_set  am_hwconf_system_tick_softimer.o
    0x00006f1c   0x00006f1c   0x00000012   Code   RO         5727    i.am_timer_clkin_freq_get  am_timer.o
    0x00006f2e   0x00006f2e   0x00000044   Code   RO         5728    i.am_timer_count_freq_get  am_timer.o
    0x00006f72   0x00006f72   0x00000014   Code   RO        14514    i.am_timer_enable   am_hwconf_system_tick_softimer.o
    0x00006f86   0x00006f86   0x00000012   Code   RO         6219    i.am_uart_poll_putchar  am_vdebug.o
    0x00006f98   0x00006f98   0x0000007c   Code   RO          237    i.am_udelay         am_bsp_delay_timer.o
    0x00007014   0x00007014   0x000001de   Code   RO         6249    i.am_vfprintf_do    am_vfprintf_do.o
    0x000071f2   0x000071f2   0x00000002   PAD
    0x000071f4   0x000071f4   0x00000088   Code   RO          310    i.amhw_arm_nvic_m0_priority_set  am_arm_nvic.o
    0x0000727c   0x0000727c   0x0000000a   Code   RO          385    i.amhw_arm_systick_disable  am_arm_systick.o
    0x00007286   0x00007286   0x0000000a   Code   RO          386    i.amhw_arm_systick_int_disable  am_arm_systick.o
    0x00007290   0x00007290   0x0000000a   Code   RO          387    i.amhw_arm_systick_int_enable  am_arm_systick.o
    0x0000729a   0x0000729a   0x00000002   PAD
    0x0000729c   0x0000729c   0x00000040   Code   RO         8101    i.amhw_lpc84x_clk_adc_baseclkrate_get  amhw_lpc84x_clk.o
    0x000072dc   0x000072dc   0x00000058   Code   RO         8104    i.amhw_lpc84x_clk_frg0_baseclkrate_set  amhw_lpc84x_clk.o
    0x00007334   0x00007334   0x00000038   Code   RO         8110    i.amhw_lpc84x_clk_main_clkrate_get  amhw_lpc84x_clk.o
    0x0000736c   0x0000736c   0x00000014   Code   RO         8039    i.amhw_lpc84x_clk_mainclk_set  am_lpc84x_clk.o
    0x00007380   0x00007380   0x0000002c   Code   RO        13579    i.amhw_lpc84x_clk_periph_disable  am_hwconf_lpc84x_gpio.o
    0x000073ac   0x000073ac   0x0000002c   Code   RO        13580    i.amhw_lpc84x_clk_periph_enable  am_hwconf_lpc84x_gpio.o
    0x000073d8   0x000073d8   0x00000044   Code   RO         8111    i.amhw_lpc84x_clk_pllin_rate_get  amhw_lpc84x_clk.o
    0x0000741c   0x0000741c   0x0000001c   Code   RO         8112    i.amhw_lpc84x_clk_pllout_rate_get  amhw_lpc84x_clk.o
    0x00007438   0x00007438   0x0000005c   Code   RO         8113    i.amhw_lpc84x_clk_sct_baseclkrate_get  amhw_lpc84x_clk.o
    0x00007494   0x00007494   0x00000020   Code   RO         8116    i.amhw_lpc84x_clk_system_clkrate_get  amhw_lpc84x_clk.o
    0x000074b4   0x000074b4   0x0000000c   Code   RO         8117    i.amhw_lpc84x_clk_uart0_clk_sel_set  amhw_lpc84x_clk.o
    0x000074c0   0x000074c0   0x00000208   Code   RO         8122    i.amhw_lpc84x_clk_usart_i2c_spi_baseclkrate_get  amhw_lpc84x_clk.o
    0x000076c8   0x000076c8   0x000000ec   Code   RO         8123    i.amhw_lpc84x_clk_wdt_rate_get  amhw_lpc84x_clk.o
    0x000077b4   0x000077b4   0x00000008   Code   RO         8349    i.amhw_lpc84x_dma_chan_error_clr  am_lpc84x_dma.o
    0x000077bc   0x000077bc   0x00000008   Code   RO         8351    i.amhw_lpc84x_dma_chan_inta_clr  am_lpc84x_dma.o
    0x000077c4   0x000077c4   0x00000016   Code   RO         8352    i.amhw_lpc84x_dma_chan_inta_isactive  am_lpc84x_dma.o
    0x000077da   0x000077da   0x00000008   Code   RO         8353    i.amhw_lpc84x_dma_chan_intb_clr  am_lpc84x_dma.o
    0x000077e2   0x000077e2   0x00000016   Code   RO         8354    i.amhw_lpc84x_dma_chan_intb_isactive  am_lpc84x_dma.o
    0x000077f8   0x000077f8   0x00000016   Code   RO         8355    i.amhw_lpc84x_dma_chan_isactive  am_lpc84x_dma.o
    0x0000780e   0x0000780e   0x00000016   Code   RO         8356    i.amhw_lpc84x_dma_chan_iserror  am_lpc84x_dma.o
    0x00007824   0x00007824   0x00000010   Code   RO         8357    i.amhw_lpc84x_dma_chan_xfercfg_set  am_lpc84x_dma.o
    0x00007834   0x00007834   0x00000024   Code   RO         8481    i.amhw_lpc84x_gpio_pin_dir_output  am_lpc84x_gpio.o
    0x00007858   0x00007858   0x00000028   Code   RO         8897    i.amhw_lpc84x_iap_copy  amhw_lpc84x_iap.o
    0x00007880   0x00007880   0x00000014   Code   RO         8898    i.amhw_lpc84x_iap_entry  amhw_lpc84x_iap.o
    0x00007894   0x00007894   0x00000024   Code   RO         8899    i.amhw_lpc84x_iap_erase_page  amhw_lpc84x_iap.o
    0x000078b8   0x000078b8   0x00000024   Code   RO         8900    i.amhw_lpc84x_iap_erase_sector  amhw_lpc84x_iap.o
    0x000078dc   0x000078dc   0x00000020   Code   RO         8902    i.amhw_lpc84x_iap_prepare  amhw_lpc84x_iap.o
    0x000078fc   0x000078fc   0x00000028   Code   RO        13393    i.amhw_lpc84x_iocon_mode_set  am_hwconf_lpc84x_clk.o
    0x00007924   0x00007924   0x0000000c   Code   RO         8125    i.amhw_lpc84x_sct_clk_sel_set  amhw_lpc84x_clk.o
    0x00007930   0x00007930   0x00000032   Code   RO         8599    i.amhw_lpc84x_swm_fixed_func_disable  amhw_lpc84x_swm.o
    0x00007962   0x00007962   0x00000032   Code   RO        13394    i.amhw_lpc84x_swm_fixed_func_disable  am_hwconf_lpc84x_clk.o
    0x00007994   0x00007994   0x00000032   Code   RO         8600    i.amhw_lpc84x_swm_fixed_func_enable  amhw_lpc84x_swm.o
    0x000079c6   0x000079c6   0x00000032   Code   RO        13395    i.amhw_lpc84x_swm_fixed_func_enable  am_hwconf_lpc84x_clk.o
    0x000079f8   0x000079f8   0x00000026   Code   RO         8482    i.amhw_lpc84x_swm_moved_func_cfg  am_lpc84x_gpio.o
    0x00007a1e   0x00007a1e   0x00000002   PAD
    0x00007a20   0x00007a20   0x00000084   Code   RO         8601    i.amhw_lpc84x_swm_pin_fixed_func_disable  amhw_lpc84x_swm.o
    0x00007aa4   0x00007aa4   0x000000d0   Code   RO         8602    i.amhw_lpc84x_swm_pin_fixed_func_enable  amhw_lpc84x_swm.o
    0x00007b74   0x00007b74   0x0000004c   Code   RO        13581    i.amhw_lpc84x_syscon_periph_reset  am_hwconf_lpc84x_gpio.o
    0x00007bc0   0x00007bc0   0x0000004c   Code   RO        13819    i.amhw_lpc84x_syscon_periph_reset  am_hwconf_lpc84x_mrt.o
    0x00007c0c   0x00007c0c   0x0000004c   Code   RO        13908    i.amhw_lpc84x_syscon_periph_reset  am_hwconf_lpc84x_sct0_pwm.o
    0x00007c58   0x00007c58   0x0000004c   Code   RO        14188    i.amhw_lpc84x_syscon_periph_reset  am_hwconf_lpc84x_usart0.o
    0x00007ca4   0x00007ca4   0x00000012   Code   RO         6509    i.amhw_lpc_mrt_int_disable  am_lpc_mrt.o
    0x00007cb6   0x00007cb6   0x00000012   Code   RO         6510    i.amhw_lpc_mrt_int_enable  am_lpc_mrt.o
    0x00007cc8   0x00007cc8   0x00000012   Code   RO         6511    i.amhw_lpc_mrt_int_flag_clr  am_lpc_mrt.o
    0x00007cda   0x00007cda   0x0000000a   Code   RO         6512    i.amhw_lpc_mrt_int_pending_clr  am_lpc_mrt.o
    0x00007ce4   0x00007ce4   0x00000014   Code   RO         6513    i.amhw_lpc_mrt_intval_set  am_lpc_mrt.o
    0x00007cf8   0x00007cf8   0x0000001c   Code   RO         7493    i.amhw_lpc_sct_conflict_res_config  amhw_lpc_sct.o
    0x00007d14   0x00007d14   0x00000008   Code   RO         6807    i.amhw_lpc_sct_ctrl_set  am_lpc_sct_pwm.o
    0x00007d1c   0x00007d1c   0x00000010   Code   RO         6808    i.amhw_lpc_sct_event_ctrl  am_lpc_sct_pwm.o
    0x00007d2c   0x00007d2c   0x0000001e   Code   RO         6809    i.amhw_lpc_sct_event_state_enable  am_lpc_sct_pwm.o
    0x00007d4a   0x00007d4a   0x0000001a   Code   RO         6810    i.amhw_lpc_sct_halt_check  am_lpc_sct_pwm.o
    0x00007d64   0x00007d64   0x00000034   Code   RO         7497    i.amhw_lpc_sct_mat_reload_val_set  amhw_lpc_sct.o
    0x00007d98   0x00007d98   0x00000054   Code   RO         7498    i.amhw_lpc_sct_mat_val_set  amhw_lpc_sct.o
    0x00007dec   0x00007dec   0x0000001c   Code   RO         7499    i.amhw_lpc_sct_output_dir_ctrl  amhw_lpc_sct.o
    0x00007e08   0x00007e08   0x00000058   Code   RO         7501    i.amhw_lpc_sct_prescale_set  amhw_lpc_sct.o
    0x00007e60   0x00007e60   0x00000052   Code   RO         7502    i.amhw_lpc_sct_regmode_config  amhw_lpc_sct.o
    0x00007eb2   0x00007eb2   0x000000a6   Code   RO         7575    i.amhw_lpc_usart_baudrate_set  amhw_lpc_usart.o
    0x00007f58   0x00007f58   0x00000008   Code   RO         7182    i.amhw_lpc_usart_cfg_clr  am_lpc_usart.o
    0x00007f60   0x00007f60   0x00000008   Code   RO         7183    i.amhw_lpc_usart_cfg_set  am_lpc_usart.o
    0x00007f68   0x00007f68   0x0000000a   Code   RO         7184    i.amhw_lpc_usart_disable  am_lpc_usart.o
    0x00007f72   0x00007f72   0x0000000a   Code   RO         7185    i.amhw_lpc_usart_enable  am_lpc_usart.o
    0x00007f7c   0x00007f7c   0x00000004   Code   RO         7186    i.amhw_lpc_usart_int_disable  am_lpc_usart.o
    0x00007f80   0x00007f80   0x00000008   Code   RO         7187    i.amhw_lpc_usart_int_enable  am_lpc_usart.o
    0x00007f88   0x00007f88   0x00000006   Code   RO         7188    i.amhw_lpc_usart_stat_get  am_lpc_usart.o
    0x00007f8e   0x00007f8e   0x00000004   Code   RO         7189    i.amhw_lpc_usart_txdata_write  am_lpc_usart.o
    0x00007f92   0x00007f92   0x00000002   PAD
    0x00007f94   0x00007f94   0x000000a0   Code   RO        10495    i.demo_am845_core_application_entry  demo_am845_core_armcc_application.o
    0x00008034   0x00008034   0x00000022   Code   RO        14570    i.main              am_prj_config.o
    0x00008056   0x00008056   0x00000002   PAD
    0x00008058   0x00008058   0x0000002c   Data   RO          388    .constdata          am_arm_systick.o
    0x00008084   0x00008084   0x00000004   Data   RO          818    .constdata          am_buzzer_pwm.o
    0x00008088   0x00008088   0x00000008   Data   RO         2123    .constdata          am_led_gpio.o
    0x00008090   0x00008090   0x00000100   Data   RO         5929    .constdata          am_jobq.o
    0x00008190   0x00008190   0x0000002c   Data   RO         6514    .constdata          am_lpc_mrt.o
    0x000081bc   0x000081bc   0x0000000c   Data   RO         6811    .constdata          am_lpc_sct_pwm.o
    0x000081c8   0x000081c8   0x00000014   Data   RO         7190    .constdata          am_lpc_usart.o
    0x000081dc   0x000081dc   0x00000036   Data   RO         8584    .constdata          amhw_lpc84x_iocon.o
    0x00008212   0x00008212   0x0000001d   Data   RO         8603    .constdata          amhw_lpc84x_swm.o
    0x0000822f   0x0000822f   0x00000001   PAD
    0x00008230   0x00008230   0x00000028   Data   RO        13138    .constdata          am_hwconf_arm_nvic.o
    0x00008258   0x00008258   0x00000014   Data   RO        13168    .constdata          am_hwconf_arm_systick.o
    0x0000826c   0x0000826c   0x00000018   Data   RO        13258    .constdata          am_hwconf_led_gpio.o
    0x00008284   0x00008284   0x00000020   Data   RO        13540    .constdata          am_hwconf_lpc84x_dma.o
    0x000082a4   0x000082a4   0x0000002c   Data   RO        13583    .constdata          am_hwconf_lpc84x_gpio.o
    0x000082d0   0x000082d0   0x00000018   Data   RO        13821    .constdata          am_hwconf_lpc84x_mrt.o
    0x000082e8   0x000082e8   0x00000018   Data   RO        13910    .constdata          am_hwconf_lpc84x_sct0_pwm.o
    0x00008300   0x00008300   0x00000018   Data   RO        14190    .constdata          am_hwconf_lpc84x_usart0.o
    0x00008318   0x00008318   0x00000010   Data   RO        14623    .constdata          am_servconf_event_input.o
    0x00008328   0x00008328   0x00000028   Data   RO        14637    .constdata          am_servconf_nvram.o
    0x00008350   0x00008350   0x000001e9   Data   RO        10497    .conststring        demo_am845_core_armcc_application.o
    0x00008539   0x00008539   0x00000003   PAD
    0x0000853c   0x0000853c   0x00000011   Data   RO        14638    .conststring        am_servconf_nvram.o
    0x0000854d   0x0000854d   0x00000003   PAD
    0x00008550   0x00008550   0x00000020   Data   RO        15690    Region$$Table       anon$$obj.o


    Execution Region RW_IRAM1 (Exec base: 0x10000000, Load base: 0x00008570, Size: 0x00002300, Max: 0x00004000, ABSOLUTE, COMPRESSED[0x00000088])

    Exec Addr    Load Addr    Size         Type   Attr      Idx    E Section Name        Object

    0x10000000   COMPRESSED   0x00000008   Data   RW           67    .data               am_bsp_microlib.o
    0x10000008   COMPRESSED   0x00000124   Data   RW          192    .data               am_bsp_isr_defer_pendsv.o
    0x1000012c   COMPRESSED   0x00000004   Data   RW          311    .data               am_arm_nvic.o
    0x10000130   COMPRESSED   0x00000004   Data   RW          389    .data               am_arm_systick.o
    0x10000134   COMPRESSED   0x00000014   Data   RW         4408    .data               am_microlib_adapter.o
    0x10000148   COMPRESSED   0x00000004   Data   RW         4497    .data               am_buzzer_dev.o
    0x1000014c   COMPRESSED   0x00000008   Data   RW         4882    .data               am_event_category_input.o
    0x10000154   COMPRESSED   0x00000004   Data   RW         4940    .data               am_event_input_key.o
    0x10000158   COMPRESSED   0x00000004   Data   RW         5394    .data               am_led_dev.o
    0x1000015c   COMPRESSED   0x00000008   Data   RW         5485    .data               am_nvram.o
    0x10000164   COMPRESSED   0x00000008   Data   RW         5596    .data               am_system.o
    0x1000016c   COMPRESSED   0x0000000c   Data   RW         5894    .data               am_isr_defer.o
    0x10000178   COMPRESSED   0x0000000c   Data   RW         5973    .data               am_koutput.o
    0x10000184   COMPRESSED   0x0000000c   Data   RW         6153    .data               am_softimer.o
    0x10000190   COMPRESSED   0x00000004   Data   RW         6220    .data               am_vdebug.o
    0x10000194   COMPRESSED   0x00000004   Data   RW         8358    .data               am_lpc84x_dma.o
    0x10000198   COMPRESSED   0x00000004   Data   RW         8483    .data               am_lpc84x_gpio.o
    0x1000019c   COMPRESSED   0x00000004   Data   RW         8983    .data               am_lpc845_boot.o
    0x100001a0   COMPRESSED   0x00000010   Data   RW         9063    .data               am_lpc845_boot_firmware_flash.o
    0x100001b0   COMPRESSED   0x00000010   Data   RW         9112    .data               am_lpc845_boot_flash.o
    0x100001c0   COMPRESSED   0x00000024   Data   RW        10498    .data               demo_am845_core_armcc_application.o
    0x100001e4   COMPRESSED   0x00000008   Data   RW        13139    .data               am_hwconf_arm_nvic.o
    0x100001ec   COMPRESSED   0x00000014   Data   RW        13397    .data               am_hwconf_lpc84x_clk.o
    0x10000200   COMPRESSED   0x00000004   Data   RW        13541    .data               am_hwconf_lpc84x_dma.o
    0x10000204   COMPRESSED   0x00000008   Data   RW        13584    .data               am_hwconf_lpc84x_gpio.o
    0x1000020c   COMPRESSED   0x00000048   Data   RW        13911    .data               am_hwconf_lpc84x_sct0_pwm.o
    0x10000254   COMPRESSED   0x00000008   Data   RW        14594    .data               am_board.o
    0x1000025c   COMPRESSED   0x00000058   Data   RW        14704    .data               am_double_app_conf_lpc845.o
    0x100002b4        -       0x00000034   Zero   RW          111    .bss                am_bsp_system_heap.o
    0x100002e8        -       0x00000028   Zero   RW          238    .bss                am_bsp_delay_timer.o
    0x10000310        -       0x00000028   Zero   RW          817    .bss                am_buzzer_pwm.o
    0x10000338        -       0x00000010   Zero   RW         4881    .bss                am_event_category_input.o
    0x10000348        -       0x0000000c   Zero   RW         4939    .bss                am_event_input_key.o
    0x10000354        -       0x00001030   Zero   RW        10496    .bss                demo_am845_core_armcc_application.o
    0x10001384        -       0x00000120   Zero   RW        13137    .bss                am_hwconf_arm_nvic.o
    0x100014a4        -       0x00000014   Zero   RW        13167    .bss                am_hwconf_arm_systick.o
    0x100014b8        -       0x00000014   Zero   RW        13257    .bss                am_hwconf_led_gpio.o
    0x100014cc        -       0x0000000c   Zero   RW        13396    .bss                am_hwconf_lpc84x_clk.o
    0x100014d8   COMPRESSED   0x00000128   PAD
    0x10001600        -       0x00000390   Zero   RW        13539    .bss                am_hwconf_lpc84x_dma.o
    0x10001990        -       0x0000007c   Zero   RW        13582    .bss                am_hwconf_lpc84x_gpio.o
    0x10001a0c        -       0x0000002c   Zero   RW        13820    .bss                am_hwconf_lpc84x_mrt.o
    0x10001a38        -       0x0000000c   Zero   RW        13909    .bss                am_hwconf_lpc84x_sct0_pwm.o
    0x10001a44        -       0x00000034   Zero   RW        14189    .bss                am_hwconf_lpc84x_usart0.o
    0x10001a78        -       0x00000040   Zero   RW        14622    .bss                am_servconf_event_input.o
    0x10001ab8        -       0x00000448   Zero   RW        14703    .bss                am_double_app_conf_lpc845.o
    0x10001f00        -       0x00000400   Zero   RW        13103    STACK               am_lpc84x_armcc_startup.o


==============================================================================

Image component sizes


      Code (inc. data)   RO Data    RW Data    ZI Data      Debug   Object Name

       832         64          0          4          0       9273   am_arm_nvic.o
        14          0          0          0          0        512   am_arm_nvic_armcc.o
       530         18         44          4          0      13456   am_arm_systick.o
         0          0          0          0          0       9924   am_assert.o
        88         16          0          8          0        973   am_board.o
      1022         56          0          0         40      10538   am_bsp_delay_timer.o
        64         14          0        292          0      11116   am_bsp_isr_defer_pendsv.o
        84          6          0          8          0       5651   am_bsp_microlib.o
        36         16          0          0         52       6046   am_bsp_system_heap.o
       128         14          0          4          0       2749   am_buzzer_dev.o
       134         10          4          0         40       4981   am_buzzer_pwm.o
        68         24          0         88       1096       4456   am_double_app_conf_lpc845.o
         0          0          0          0          0        736   am_ep24cxx.o
       228          0          0          0          0       4253   am_event.o
        90         30          0          8         16       3373   am_event_category_input.o
       208         26          0          4         12       4802   am_event_input_key.o
        20          8         40          8        288       1472   am_hwconf_arm_nvic.o
        20          8         20          0         20        883   am_hwconf_arm_systick.o
        32          4          0          0          0        610   am_hwconf_buzzer_pwm.o
        24          0          0          0          0        606   am_hwconf_debug_uart.o
        20          8         24          0         20       1416   am_hwconf_led_gpio.o
         0          0          0          0          0       6388   am_hwconf_lpc84x_adc0_dma.o
       328         38          0         20         12       6609   am_hwconf_lpc84x_clk.o
       188         16         32          4        912       3062   am_hwconf_lpc84x_dma.o
       270         22         44          8        124      17735   am_hwconf_lpc84x_gpio.o
       208         22         24          0         44       2742   am_hwconf_lpc84x_mrt.o
       216         22         24         72         12       3431   am_hwconf_lpc84x_sct0_pwm.o
       264         26         24          0         52       2817   am_hwconf_lpc84x_usart0.o
       542         12          0          0          0       8968   am_hwconf_system_tick_softimer.o
        76         20          0         12          0       1543   am_isr_defer.o
       416          6        256          0          0      11948   am_jobq.o
        28         14          0         12          0       1558   am_koutput.o
        80         14          0          0          0        745   am_kprintf.o
       218         10          0          4          0       3529   am_led_dev.o
       170          4          8          0          0       4363   am_led_gpio.o
       232         20          0          4          0      12776   am_lpc845_boot.o
      1170          6          0         16          0       9609   am_lpc845_boot_firmware_flash.o
       358          6          0         16          0       5680   am_lpc845_boot_flash.o
         0          0          0          0          0       4192   am_lpc84x_adc_dma.o
        44         12        192          0       1024        664   am_lpc84x_armcc_startup.o
       712         92          0          0          0      17971   am_lpc84x_clk.o
       696         16          0          4          0      14600   am_lpc84x_dma.o
      1038         28          0          4          0      17494   am_lpc84x_gpio.o
       756         20         44          0          0      15454   am_lpc_mrt.o
       902         16         12          0          0      18494   am_lpc_sct_pwm.o
      1854         34         20          0          0      24148   am_lpc_usart.o
       132          6          0          0          0       1738   am_memheap.o
        16          4          0         20          0       2933   am_microlib_adapter.o
        24          8          0          8          0       1416   am_nvram.o
        34          0          0          0          0        519   am_prj_config.o
        20          6         16          0         64       1415   am_servconf_event_input.o
        16          6         57          0          0       1217   am_servconf_nvram.o
       524         32          0         12          0      14682   am_softimer.o
        56         12          0          8          0       1500   am_system.o
        86          0          0          0          0       4454   am_timer.o
       146         12          0          4          0       5103   am_vdebug.o
       478          0          0          0          0       1381   am_vfprintf_do.o
         0          0          0          0          0       1704   am_zlg72128_std.o
        28          0          0          0          0         76   am_zlg9021.o
      1208        172          0          0          0      22379   amhw_lpc84x_clk.o
       164          4          0          0          0       5257   amhw_lpc84x_iap.o
         0          0         54          0          0       2455   amhw_lpc84x_iocon.o
       440         10         29          0          0       7721   amhw_lpc84x_swm.o
       362          0          0          0          0      13901   amhw_lpc_sct.o
       402          0          0          0          0       8710   amhw_lpc_usart.o
      1318        458        489         36       4144      12325   demo_am845_core_armcc_application.o
         0          0          0          0          0       7036   demo_am845_core_hw_i2c_master_dma.o
         8          0          0          0          0        438   main.o

    ----------------------------------------------------------------------
     19916       1528       1496        692       8268     432706   Object Totals
         0          0         32          0          0          0   (incl. Generated)
        46          0          7          0        296          0   (incl. Padding)

    ----------------------------------------------------------------------

      Code (inc. data)   RO Data    RW Data    ZI Data      Debug   Library Member Name

        86          0          0          0          0          0   __dczerorl2.o
         0          0          0          0          0          0   entry.o
         0          0          0          0          0          0   entry10a.o
         0          0          0          0          0          0   entry11a.o
         8          4          0          0          0          0   entry2.o
         4          0          0          0          0          0   entry5.o
         0          0          0          0          0          0   entry7b.o
         0          0          0          0          0          0   entry8b.o
         8          4          0          0          0          0   entry9a.o
        30          0          0          0          0          0   handlers.o
        40          0          0          0          0         72   idiv.o
        36          8          0          0          0         68   init.o
        32          0          0          0          0         68   llshl.o
        34          0          0          0          0         68   llushr.o
        36          0          0          0          0        100   memseta.o
        44          0          0          0          0         72   uidiv.o
        96          0          0          0          0         84   uldiv.o

    ----------------------------------------------------------------------
       460         16          0          0          0        532   Library Totals
         6          0          0          0          0          0   (incl. Padding)

    ----------------------------------------------------------------------

      Code (inc. data)   RO Data    RW Data    ZI Data      Debug   Library Name

       454         16          0          0          0        532   mc_p.l

    ----------------------------------------------------------------------
       460         16          0          0          0        532   Library Totals

    ----------------------------------------------------------------------

==============================================================================


      Code (inc. data)   RO Data    RW Data    ZI Data      Debug   

     20376       1544       1496        692       8268     422014   Grand Totals
     20376       1544       1496        136       8268     422014   ELF Image Totals (compressed)
     20376       1544       1496        136          0          0   ROM Totals

==============================================================================

    Total RO  Size (Code + RO Data)                21872 (  21.36kB)
    Total RW  Size (RW Data + ZI Data)              8960 (   8.75kB)
    Total ROM Size (Code + RO Data + RW Data)      22008 (  21.49kB)

==============================================================================

